---
source: src/tests/integration/mod.rs
expression: output

---
   \documentclass{standalone}
            \usepackage{pgf, tikz}
            \usetikzlibrary{arrows, automata}
            \begin{document}
                \begin{tikzpicture}
                    [node distance=3cm]
                    \tikzstyle{every state}=[
                        draw = black,
                        thick,
                        fill = white,
                        minimum size = 4mm
                    ]

                    \node[circle,fill,inner sep=1pt,label=left:{\scriptsize $taut$}] (0) at (0, 0) { };
\node[circle,fill,inner sep=1pt,label=left:{\scriptsize $taut$}] (1) at (0, 1) { };
\node[circle,fill,inner sep=1pt,label=left:{\scriptsize $taut$}] (2) at (0, 2) { };
\node[circle,fill,inner sep=1pt,label=left:{\scriptsize $taut$}] (3) at (0, 3) { };
\node[circle,fill,inner sep=1pt,label=left:{\scriptsize $taut$}] (4) at (0, 1) { };
\node[circle,fill,inner sep=1pt,label=left:{\scriptsize $taut$}] (5) at (0, 2) { };
\node[circle,fill,inner sep=1pt,label=left:{\scriptsize $taut$}] (6) at (0, 3) { };
\node[circle,fill,inner sep=1pt,label=left:{\scriptsize $taut$}] (7) at (0, 1) { };
\node[circle,fill,inner sep=1pt,label=left:{\scriptsize $taut$}] (8) at (0, 2) { };
\node[circle,fill,inner sep=1pt,label=left:{\scriptsize $taut$}] (9) at (0, 3) { };
\node[circle,fill,inner sep=1pt,label=left:{\scriptsize $taut$}] (10) at (0, 1) { };
\node[circle,fill,inner sep=1pt,label=left:{\scriptsize $taut$}] (11) at (0, 3) { };
\node[circle,fill,inner sep=1pt,label=left:{\scriptsize $taut$}] (12) at (0, 0) { };
\node[circle,fill,inner sep=1pt,label=left:{\scriptsize $taut$}] (13) at (0, 3) { };
\node[circle,fill,inner sep=1pt,label=left:{\scriptsize $taut$}] (14) at (0, 0) { };
\node[circle,fill,inner sep=1pt,label=left:{\scriptsize $taut$}] (15) at (0, 3) { };
\node[circle,fill,inner sep=1pt,label=left:{\scriptsize $taut$}] (16) at (0, 0) { };
\node[circle,fill,inner sep=1pt,label=left:{\scriptsize $taut$}] (17) at (0, 3) { };
\node[circle,fill,inner sep=1pt,label=left:{\scriptsize $taut$}] (18) at (0, 0) { };
\node[circle,fill,inner sep=1pt,label=left:{\scriptsize $taut$}] (19) at (0, 3) { };
\node[circle,fill,inner sep=1pt,label=left:{\scriptsize $taut$}] (20) at (0, 0) { };
\node[circle,fill,inner sep=1pt,label=left:{\scriptsize $taut$}] (21) at (0, 3) { };
\node[circle,fill,inner sep=1pt,label=left:{\scriptsize $taut$}] (22) at (0, 0) { };
\node[circle,fill,inner sep=1pt,label=left:{\scriptsize $taut$}] (23) at (0, 3) { };
\node[circle,fill,inner sep=1pt,label=left:{\scriptsize $taut$}] (24) at (0, 0) { };
\node[circle,fill,inner sep=1pt,label=left:{\scriptsize $taut$}] (25) at (0, 3) { };
\node[circle,fill,inner sep=1pt,label=left:{\scriptsize $taut$}] (26) at (0, 0) { };
\node[circle,fill,inner sep=1pt,label=left:{\scriptsize $taut$}] (27) at (0, 3) { };
\node[circle,fill,inner sep=1pt,label=left:{\scriptsize $taut$}] (28) at (0, 0) { };
\node[circle,fill,inner sep=1pt,label=left:{\scriptsize $taut$}] (29) at (0, 3) { };
\node[circle,fill,inner sep=1pt,label=left:{\scriptsize $taut$}] (30) at (0, 0) { };
\node[circle,fill,inner sep=1pt,label=left:{\scriptsize $taut$}] (31) at (0, 3) { };
\node[circle,fill,inner sep=1pt,label=left:{\scriptsize $taut$}] (32) at (0, 0) { };
\node[circle,fill,inner sep=1pt,label=left:{\scriptsize $taut$}] (33) at (0, 3) { };
\node[circle,fill,inner sep=1pt,label=left:{\scriptsize $taut$}] (34) at (0, 0) { };
\node[circle,fill,inner sep=1pt,label=left:{\scriptsize $taut$}] (35) at (0, 3) { };
\node[circle,fill,inner sep=1pt,label=left:{\scriptsize $taut$}] (36) at (0, 0) { };
\node[circle,fill,inner sep=1pt,label=left:{\scriptsize $taut$}] (37) at (0, 3) { };
\node[circle,fill,inner sep=1pt,label=left:{\scriptsize $taut$}] (38) at (0, 0) { };
\node[circle,fill,inner sep=1pt,label=left:{\scriptsize $taut$}] (39) at (0, 3) { };
\node[circle,fill,inner sep=1pt,label=left:{\scriptsize $taut$}] (40) at (0, 0) { };
\node[circle,fill,inner sep=1pt,label=left:{\scriptsize $taut$}] (41) at (0, 3) { };
\node[circle,fill,inner sep=1pt,label=left:{\scriptsize $taut$}] (42) at (0, 0) { };
\node[circle,fill,inner sep=1pt,label=left:{\scriptsize $taut$}] (43) at (0, 1) { };
\node[circle,fill,inner sep=1pt,label=left:{\scriptsize $taut$}] (44) at (0, 2) { };
\node[circle,fill,inner sep=1pt,label=left:{\scriptsize $taut$}] (45) at (0, 3) { };
\node[circle,fill,inner sep=1pt,label=left:{\scriptsize $taut$}] (46) at (0, 4) { };
\node[circle,fill,inner sep=1pt,label=left:{\scriptsize $taut$}] (47) at (0, 5) { };
\node[circle,fill,inner sep=1pt,label=left:{\scriptsize $taut$}] (48) at (0, 6) { };
\node[circle,fill,inner sep=1pt,label=left:{\scriptsize $taut$}] (49) at (0, 7) { };
\node[circle,fill,inner sep=1pt,label=left:{\scriptsize $taut$}] (50) at (0, 8) { };
\node[circle,fill,inner sep=1pt,label=left:{\scriptsize $taut$}] (51) at (0, 9) { };
\node[circle,fill,inner sep=1pt,label=left:{\scriptsize $taut$}] (52) at (0, 10) { };
\node[circle,fill,inner sep=1pt,label=left:{\scriptsize $taut$}] (53) at (0, 11) { };
\node[circle,fill,inner sep=1pt,label=left:{\scriptsize $taut$}] (54) at (0, 12) { };
\node[circle,fill,inner sep=1pt,label=left:{\scriptsize $taut$}] (55) at (0, 13) { };
\node[circle,fill,inner sep=1pt,label=left:{\scriptsize $taut$}] (56) at (0, 14) { };
\node[circle,fill,inner sep=1pt,label=left:{\scriptsize $taut$}] (57) at (0, 15) { };
\node[circle,fill,inner sep=1pt,label=left:{\scriptsize $taut$}] (58) at (0, 16) { };
\node[circle,fill,inner sep=1pt,label=left:{\scriptsize $taut$}] (59) at (0, 17) { };
\node[circle,fill,inner sep=1pt,label=left:{\scriptsize $taut$}] (60) at (0, 18) { };
\node[circle,fill,inner sep=1pt,label=left:{\scriptsize $taut$}] (61) at (0, 19) { };
\node[circle,fill,inner sep=1pt,label=left:{\scriptsize $taut$}] (62) at (0, 20) { };
\node[circle,fill,inner sep=1pt,label=left:{\scriptsize $taut$}] (63) at (0, 21) { };
\node[circle,fill,inner sep=1pt,label=left:{\scriptsize $taut$}] (64) at (0, 22) { };
\node[circle,fill,inner sep=1pt,label=left:{\scriptsize $taut$}] (65) at (0, 23) { };
\node[circle,fill,inner sep=1pt,label=left:{\scriptsize $taut$}] (66) at (0, 24) { };
\node[circle,fill,inner sep=1pt,label=left:{\scriptsize $taut$}] (67) at (0, 25) { };
\node[circle,fill,inner sep=1pt,label=left:{\scriptsize $taut$}] (68) at (0, 26) { };
\node[circle,fill,inner sep=1pt,label=left:{\scriptsize $taut$}] (69) at (0, 27) { };
\node[circle,fill,inner sep=1pt,label=left:{\scriptsize $taut$}] (70) at (0, 28) { };
\node[circle,fill,inner sep=1pt,label=left:{\scriptsize $taut$}] (71) at (0, 29) { };
\node[circle,fill,inner sep=1pt,label=left:{\scriptsize $taut$}] (72) at (0, 30) { };
\node[circle,fill,inner sep=1pt,label=left:{\scriptsize $taut$}] (73) at (0, 31) { };
\node[circle,fill,inner sep=1pt,label=left:{\scriptsize $taut$}] (74) at (0, 32) { };
\node[circle,fill,inner sep=1pt,label=left:{\scriptsize $taut$}] (75) at (0, 33) { };
\node[circle,fill,inner sep=1pt,label=left:{\scriptsize $taut$}] (76) at (0, 34) { };
\node[circle,fill,inner sep=1pt,label=left:{\scriptsize $taut$}] (77) at (0, 35) { };
\node[circle,fill,inner sep=1pt,label=left:{\scriptsize $taut$}] (78) at (0, 36) { };
\node[circle,fill,inner sep=1pt,label=left:{\scriptsize $taut$}] (79) at (0, 37) { };
\node[circle,fill,inner sep=1pt,label=left:{\scriptsize $taut$}] (80) at (0, 38) { };
\node[circle,fill,inner sep=1pt,label=left:{\scriptsize $taut$}] (81) at (0, 39) { };
\node[circle,fill,inner sep=1pt,label=left:{\scriptsize $taut$}] (82) at (0, 40) { };
\node[circle,fill,inner sep=1pt,label=left:{\scriptsize $taut$}] (83) at (0, 41) { };
\node[circle,fill,inner sep=1pt,label=left:{\scriptsize $taut$}] (84) at (0, 42) { };
\node[circle,fill,inner sep=1pt,label=left:{\scriptsize $taut$}] (85) at (0, 43) { };
\node[circle,fill,inner sep=1pt,label=left:{\scriptsize $taut$}] (86) at (0, 44) { };
\node[circle,fill,inner sep=1pt,label=left:{\scriptsize $taut$}] (87) at (0, 45) { };
\node[circle,fill,inner sep=1pt,label=left:{\scriptsize $taut$}] (88) at (0, 46) { };
\node[circle,fill,inner sep=1pt,label=left:{\scriptsize $taut$}] (89) at (0, 47) { };
\node[circle,fill,inner sep=1pt,label=left:{\scriptsize $taut$}] (90) at (0, 48) { };
\node[circle,fill,inner sep=1pt,label=left:{\scriptsize $taut$}] (91) at (0, 49) { };
\node[circle,fill,inner sep=1pt,label=left:{\scriptsize $taut$}] (92) at (0, 1) { };
\node[circle,fill,inner sep=1pt,label=left:{\scriptsize $taut$}] (93) at (0, 2) { };
\node[circle,fill,inner sep=1pt,label=left:{\scriptsize $taut$}] (94) at (0, 3) { };
\node[circle,fill,inner sep=1pt,label=left:{\scriptsize $\%1$}] (95) at (2, 4) { };
\node[circle,fill,inner sep=1pt,label=left:{\scriptsize $taut$}] (96) at (0, 2) { };
\node[circle,fill,inner sep=1pt,label=left:{\scriptsize $taut$}] (97) at (0, 3) { };
\node[circle,fill,inner sep=1pt,label=left:{\scriptsize $taut$}] (98) at (0, 4) { };
\node[circle,fill,inner sep=1pt,label=left:{\scriptsize $\%1$}] (99) at (2, 5) { };
\node[circle,fill,inner sep=1pt,label=left:{\scriptsize $taut$}] (100) at (0, 3) { };
\node[circle,fill,inner sep=1pt,label=left:{\scriptsize $taut$}] (101) at (0, 4) { };
\node[circle,fill,inner sep=1pt,label=left:{\scriptsize $\%3$}] (102) at (1, 6) { };
\node[circle,fill,inner sep=1pt,label=left:{\scriptsize $\%1$}] (103) at (2, 6) { };
\node[circle,fill,inner sep=1pt,label=left:{\scriptsize $taut$}] (104) at (0, 4) { };
\node[circle,fill,inner sep=1pt,label=left:{\scriptsize $\%3$}] (105) at (1, 7) { };
\node[circle,fill,inner sep=1pt,label=left:{\scriptsize $\%3$}] (106) at (1, 17) { };
\node[circle,fill,inner sep=1pt,label=left:{\scriptsize $\%1$}] (107) at (2, 7) { };
\node[circle,fill,inner sep=1pt,label=left:{\scriptsize $\%1$}] (108) at (2, 17) { };
\node[circle,fill,inner sep=1pt,label=left:{\scriptsize $\%3$}] (109) at (1, 8) { };
\node[circle,fill,inner sep=1pt,label=left:{\scriptsize $\%3$}] (110) at (1, 18) { };
\node[circle,fill,inner sep=1pt,label=left:{\scriptsize $\%1$}] (111) at (2, 8) { };
\node[circle,fill,inner sep=1pt,label=left:{\scriptsize $\%1$}] (112) at (2, 18) { };
\node[circle,fill,inner sep=1pt,label=left:{\scriptsize $\%3$}] (113) at (1, 9) { };
\node[circle,fill,inner sep=1pt,label=left:{\scriptsize $\%3$}] (114) at (1, 19) { };
\node[circle,fill,inner sep=1pt,label=left:{\scriptsize $\%1$}] (115) at (2, 9) { };
\node[circle,fill,inner sep=1pt,label=left:{\scriptsize $\%1$}] (116) at (2, 19) { };
\node[circle,fill,inner sep=1pt,label=left:{\scriptsize $\%3$}] (117) at (1, 10) { };
\node[circle,fill,inner sep=1pt,label=left:{\scriptsize $\%3$}] (118) at (1, 20) { };
\node[circle,fill,inner sep=1pt,label=left:{\scriptsize $\%1$}] (119) at (2, 10) { };
\node[circle,fill,inner sep=1pt,label=left:{\scriptsize $\%1$}] (120) at (2, 20) { };
\node[circle,fill,inner sep=1pt,label=left:{\scriptsize $\%3$}] (121) at (1, 11) { };
\node[circle,fill,inner sep=1pt,label=left:{\scriptsize $\%3$}] (122) at (1, 21) { };
\node[circle,fill,inner sep=1pt,label=left:{\scriptsize $\%1$}] (123) at (2, 11) { };
\node[circle,fill,inner sep=1pt,label=left:{\scriptsize $\%1$}] (124) at (2, 21) { };
\node[circle,fill,inner sep=1pt,label=left:{\scriptsize $\%3$}] (125) at (1, 41) { };
\node[circle,fill,inner sep=1pt,label=left:{\scriptsize $\%3$}] (126) at (1, 12) { };
\node[circle,fill,inner sep=1pt,label=left:{\scriptsize $\%3$}] (127) at (1, 22) { };
\node[circle,fill,inner sep=1pt,label=left:{\scriptsize $\%1$}] (128) at (2, 41) { };
\node[circle,fill,inner sep=1pt,label=left:{\scriptsize $\%1$}] (129) at (2, 12) { };
\node[circle,fill,inner sep=1pt,label=left:{\scriptsize $\%1$}] (130) at (2, 22) { };
\node[circle,fill,inner sep=1pt,label=left:{\scriptsize $\%3$}] (131) at (1, 42) { };
\node[circle,fill,inner sep=1pt,label=left:{\scriptsize $\%3$}] (132) at (1, 13) { };
\node[circle,fill,inner sep=1pt,label=left:{\scriptsize $\%3$}] (133) at (1, 23) { };
\node[circle,fill,inner sep=1pt,label=left:{\scriptsize $\%1$}] (134) at (2, 42) { };
\node[circle,fill,inner sep=1pt,label=left:{\scriptsize $\%1$}] (135) at (2, 13) { };
\node[circle,fill,inner sep=1pt,label=left:{\scriptsize $\%1$}] (136) at (2, 23) { };
\node[circle,fill,inner sep=1pt,label=left:{\scriptsize $\%3$}] (137) at (1, 43) { };
\node[circle,fill,inner sep=1pt,label=left:{\scriptsize $\%3$}] (138) at (1, 14) { };
\node[circle,fill,inner sep=1pt,label=left:{\scriptsize $\%3$}] (139) at (1, 24) { };
\node[circle,fill,inner sep=1pt,label=left:{\scriptsize $\%1$}] (140) at (2, 43) { };
\node[circle,fill,inner sep=1pt,label=left:{\scriptsize $\%1$}] (141) at (2, 14) { };
\node[circle,fill,inner sep=1pt,label=left:{\scriptsize $\%1$}] (142) at (2, 24) { };
\node[circle,fill,inner sep=1pt,label=left:{\scriptsize $\%3$}] (143) at (1, 44) { };
\node[circle,fill,inner sep=1pt,label=left:{\scriptsize $\%3$}] (144) at (1, 15) { };
\node[circle,fill,inner sep=1pt,label=left:{\scriptsize $\%3$}] (145) at (1, 25) { };
\node[circle,fill,inner sep=1pt,label=left:{\scriptsize $\%1$}] (146) at (2, 44) { };
\node[circle,fill,inner sep=1pt,label=left:{\scriptsize $\%1$}] (147) at (2, 15) { };
\node[circle,fill,inner sep=1pt,label=left:{\scriptsize $\%1$}] (148) at (2, 25) { };
\node[circle,fill,inner sep=1pt,label=left:{\scriptsize $\%3$}] (149) at (1, 45) { };
\node[circle,fill,inner sep=1pt,label=left:{\scriptsize $\%3$}] (150) at (1, 46) { };
\node[circle,fill,inner sep=1pt,label=left:{\scriptsize $\%3$}] (151) at (1, 26) { };
\node[circle,fill,inner sep=1pt,label=left:{\scriptsize $\%1$}] (152) at (2, 45) { };
\node[circle,fill,inner sep=1pt,label=left:{\scriptsize $\%1$}] (153) at (2, 46) { };
\node[circle,fill,inner sep=1pt,label=left:{\scriptsize $\%1$}] (154) at (2, 26) { };
\node[circle,fill,inner sep=1pt,label=left:{\scriptsize $\%3$}] (155) at (1, 47) { };
\node[circle,fill,inner sep=1pt,label=left:{\scriptsize $\%3$}] (156) at (1, 27) { };
\node[circle,fill,inner sep=1pt,label=left:{\scriptsize $\%1$}] (157) at (2, 47) { };
\node[circle,fill,inner sep=1pt,label=left:{\scriptsize $\%1$}] (158) at (2, 27) { };
\node[circle,fill,inner sep=1pt,label=left:{\scriptsize $\%3$}] (159) at (1, 48) { };
\node[circle,fill,inner sep=1pt,label=left:{\scriptsize $\%3$}] (160) at (1, 28) { };
\node[circle,fill,inner sep=1pt,label=left:{\scriptsize $\%1$}] (161) at (2, 48) { };
\node[circle,fill,inner sep=1pt,label=left:{\scriptsize $\%1$}] (162) at (2, 28) { };
\node[circle,fill,inner sep=1pt,label=left:{\scriptsize $\%3$}] (163) at (1, 49) { };
\node[circle,fill,inner sep=1pt,label=left:{\scriptsize $\%3$}] (164) at (1, 29) { };
\node[circle,fill,inner sep=1pt,label=left:{\scriptsize $\%1$}] (165) at (2, 49) { };
\node[circle,fill,inner sep=1pt,label=left:{\scriptsize $\%1$}] (166) at (2, 29) { };
\node[circle,fill,inner sep=1pt,label=left:{\scriptsize $\%3$}] (167) at (1, 30) { };
\node[circle,fill,inner sep=1pt,label=left:{\scriptsize $\%1$}] (168) at (2, 30) { };
\node[circle,fill,inner sep=1pt,label=left:{\scriptsize $\%3$}] (169) at (1, 31) { };
\node[circle,fill,inner sep=1pt,label=left:{\scriptsize $\%1$}] (170) at (2, 31) { };
\node[circle,fill,inner sep=1pt,label=left:{\scriptsize $\%3$}] (171) at (1, 32) { };
\node[circle,fill,inner sep=1pt,label=left:{\scriptsize $\%1$}] (172) at (2, 32) { };
\node[circle,fill,inner sep=1pt,label=left:{\scriptsize $\%3$}] (173) at (1, 33) { };
\node[circle,fill,inner sep=1pt,label=left:{\scriptsize $\%1$}] (174) at (2, 33) { };
\node[circle,fill,inner sep=1pt,label=left:{\scriptsize $\%3$}] (175) at (1, 34) { };
\node[circle,fill,inner sep=1pt,label=left:{\scriptsize $\%1$}] (176) at (2, 34) { };
\node[circle,fill,inner sep=1pt,label=left:{\scriptsize $\%3$}] (177) at (1, 35) { };
\node[circle,fill,inner sep=1pt,label=left:{\scriptsize $\%1$}] (178) at (2, 35) { };
\node[circle,fill,inner sep=1pt,label=left:{\scriptsize $\%3$}] (179) at (1, 36) { };
\node[circle,fill,inner sep=1pt,label=left:{\scriptsize $\%1$}] (180) at (2, 36) { };
\node[circle,fill,inner sep=1pt,label=left:{\scriptsize $\%1$}] (181) at (2, 37) { };
\node[circle,fill,inner sep=1pt,label=left:{\scriptsize $\%1$}] (182) at (2, 38) { };
\node[font=\tiny] (note_0) at (-1.5, 0.5) {Block(0)};
\node[font=\tiny] (note_1) at (-1.5, 1.5) {Block(1)};
\node[font=\tiny] (note_2) at (-1.5, 2.5) {Block(3)};
\node[font=\tiny] (note_3) at (-1.5, 3.5) {Assign(1, 0)};
\node[font=\tiny] (note_4) at (-1.5, 4.5) {Const(2, 1.0)};
\node[font=\tiny] (note_5) at (-1.5, 5.5) {BinOp(3, 2, 1)};
\node[font=\tiny] (note_6) at (-1.5, 6.5) {Conditional(3, [5, 6])};
\node[font=\tiny] (note_7) at (-1.5, 7.5) {Block(5)};
\node[font=\tiny] (note_8) at (-1.5, 8.5) {Assign(4, 0)};
\node[font=\tiny] (note_9) at (-1.5, 9.5) {Const(5, 1.0)};
\node[font=\tiny] (note_10) at (-1.5, 10.5) {BinOp(6, 5, 4)};
\node[font=\tiny] (note_11) at (-1.5, 11.5) {Conditional(6, [4])};
\node[font=\tiny] (note_12) at (-1.5, 12.5) {Kill(6)};
\node[font=\tiny] (note_13) at (-1.5, 13.5) {Kill(5)};
\node[font=\tiny] (note_14) at (-1.5, 14.5) {Kill(4)};
\node[font=\tiny] (note_15) at (-1.5, 15.5) {Jump(2)};
\node[font=\tiny] (note_16) at (-1.5, 16.5) {Jump(6)};
\node[font=\tiny] (note_17) at (-1.5, 17.5) {Block(6)};
\node[font=\tiny] (note_18) at (-1.5, 18.5) {Assign(7, 0)};
\node[font=\tiny] (note_19) at (-1.5, 19.5) {Const(8, -1.0)};
\node[font=\tiny] (note_20) at (-1.5, 20.5) {BinOp(9, 8, 7)};
\node[font=\tiny] (note_21) at (-1.5, 21.5) {Call(0, [9], [10])};
\node[font=\tiny] (note_22) at (-1.5, 22.5) {Assign(11, 0)};
\node[font=\tiny] (note_23) at (-1.5, 23.5) {Const(12, -2.0)};
\node[font=\tiny] (note_24) at (-1.5, 24.5) {BinOp(13, 12, 11)};
\node[font=\tiny] (note_25) at (-1.5, 25.5) {Call(0, [13], [14])};
\node[font=\tiny] (note_26) at (-1.5, 26.5) {BinOp(15, 14, 13)};
\node[font=\tiny] (note_27) at (-1.5, 27.5) {Kill(15)};
\node[font=\tiny] (note_28) at (-1.5, 28.5) {Kill(14)};
\node[font=\tiny] (note_29) at (-1.5, 29.5) {Kill(13)};
\node[font=\tiny] (note_30) at (-1.5, 30.5) {Kill(12)};
\node[font=\tiny] (note_31) at (-1.5, 31.5) {Kill(11)};
\node[font=\tiny] (note_32) at (-1.5, 32.5) {Kill(10)};
\node[font=\tiny] (note_33) at (-1.5, 33.5) {Kill(9)};
\node[font=\tiny] (note_34) at (-1.5, 34.5) {Kill(8)};
\node[font=\tiny] (note_35) at (-1.5, 35.5) {Kill(7)};
\node[font=\tiny] (note_36) at (-1.5, 36.5) {Kill(3)};
\node[font=\tiny] (note_37) at (-1.5, 37.5) {Kill(2)};
\node[font=\tiny] (note_38) at (-1.5, 38.5) {Kill(1)};
\node[font=\tiny] (note_39) at (-1.5, 39.5) {Return([0])};
\node[font=\tiny] (note_40) at (-1.5, 40.5) {Jump(4)};
\node[font=\tiny] (note_41) at (-1.5, 41.5) {Block(4)};
\node[font=\tiny] (note_42) at (-1.5, 42.5) {Const(16, 0.0)};
\node[font=\tiny] (note_43) at (-1.5, 43.5) {Assign(0, 16)};
\node[font=\tiny] (note_44) at (-1.5, 44.5) {Kill(16)};
\node[font=\tiny] (note_45) at (-1.5, 45.5) {Jump(2)};
\node[font=\tiny] (note_46) at (-1.5, 46.5) {Block(2)};
\node[font=\tiny] (note_47) at (-1.5, 47.5) {Assign(17, 0)};
\node[font=\tiny] (note_48) at (-1.5, 48.5) {Return([17])};
\node[font=\tiny] (note_49) at (-1.5, 0.5) {Block(0)};
\node[font=\tiny] (note_50) at (-1.5, 1.5) {Block(1)};
\node[font=\tiny] (note_51) at (-1.5, 2.5) {Block(3)};
\node[font=\tiny] (note_52) at (-1.5, 3.5) {Assign(1, 0)};
\node[font=\tiny] (note_53) at (-1.5, 4.5) {Const(2, 1.0)};
\node[font=\tiny] (note_54) at (-1.5, 5.5) {BinOp(3, 2, 1)};
\node[font=\tiny] (note_55) at (-1.5, 6.5) {Conditional(3, [5, 6])};
\node[font=\tiny] (note_56) at (-1.5, 7.5) {Block(5)};
\node[font=\tiny] (note_57) at (-1.5, 8.5) {Assign(4, 0)};
\node[font=\tiny] (note_58) at (-1.5, 9.5) {Const(5, 1.0)};
\node[font=\tiny] (note_59) at (-1.5, 10.5) {BinOp(6, 5, 4)};
\node[font=\tiny] (note_60) at (-1.5, 11.5) {Conditional(6, [4])};
\node[font=\tiny] (note_61) at (-1.5, 12.5) {Kill(6)};
\node[font=\tiny] (note_62) at (-1.5, 13.5) {Kill(5)};
\node[font=\tiny] (note_63) at (-1.5, 14.5) {Kill(4)};
\node[font=\tiny] (note_64) at (-1.5, 15.5) {Jump(2)};
\node[font=\tiny] (note_65) at (-1.5, 16.5) {Jump(6)};
\node[font=\tiny] (note_66) at (-1.5, 17.5) {Block(6)};
\node[font=\tiny] (note_67) at (-1.5, 18.5) {Assign(7, 0)};
\node[font=\tiny] (note_68) at (-1.5, 19.5) {Const(8, -1.0)};
\node[font=\tiny] (note_69) at (-1.5, 20.5) {BinOp(9, 8, 7)};
\node[font=\tiny] (note_70) at (-1.5, 21.5) {Call(0, [9], [10])};
\node[font=\tiny] (note_71) at (-1.5, 22.5) {Assign(11, 0)};
\node[font=\tiny] (note_72) at (-1.5, 23.5) {Const(12, -2.0)};
\node[font=\tiny] (note_73) at (-1.5, 24.5) {BinOp(13, 12, 11)};
\node[font=\tiny] (note_74) at (-1.5, 25.5) {Call(0, [13], [14])};
\node[font=\tiny] (note_75) at (-1.5, 26.5) {BinOp(15, 14, 13)};
\node[font=\tiny] (note_76) at (-1.5, 27.5) {Kill(15)};
\node[font=\tiny] (note_77) at (-1.5, 28.5) {Kill(14)};
\node[font=\tiny] (note_78) at (-1.5, 29.5) {Kill(13)};
\node[font=\tiny] (note_79) at (-1.5, 30.5) {Kill(12)};
\node[font=\tiny] (note_80) at (-1.5, 31.5) {Kill(11)};
\node[font=\tiny] (note_81) at (-1.5, 32.5) {Kill(10)};
\node[font=\tiny] (note_82) at (-1.5, 33.5) {Kill(9)};
\node[font=\tiny] (note_83) at (-1.5, 34.5) {Kill(8)};
\node[font=\tiny] (note_84) at (-1.5, 35.5) {Kill(7)};
\node[font=\tiny] (note_85) at (-1.5, 36.5) {Kill(3)};
\node[font=\tiny] (note_86) at (-1.5, 37.5) {Kill(2)};
\node[font=\tiny] (note_87) at (-1.5, 38.5) {Kill(1)};
\node[font=\tiny] (note_88) at (-1.5, 39.5) {Return([0])};
\node[font=\tiny] (note_89) at (-1.5, 40.5) {Jump(4)};
\node[font=\tiny] (note_90) at (-1.5, 41.5) {Block(4)};
\node[font=\tiny] (note_91) at (-1.5, 42.5) {Const(16, 0.0)};
\node[font=\tiny] (note_92) at (-1.5, 43.5) {Assign(0, 16)};
\node[font=\tiny] (note_93) at (-1.5, 44.5) {Kill(16)};
\node[font=\tiny] (note_94) at (-1.5, 45.5) {Jump(2)};
\node[font=\tiny] (note_95) at (-1.5, 46.5) {Block(2)};
\node[font=\tiny] (note_96) at (-1.5, 47.5) {Assign(17, 0)};
\node[font=\tiny] (note_97) at (-1.5, 48.5) {Return([17])};
\node[font=\tiny] (note_98) at (-1.5, 0.5) {Block(0)};
\node[font=\tiny] (note_99) at (-1.5, 1.5) {Block(1)};
\node[font=\tiny] (note_100) at (-1.5, 2.5) {Block(3)};
\node[font=\tiny] (note_101) at (-1.5, 3.5) {Assign(1, 0)};
\node[font=\tiny] (note_102) at (-1.5, 4.5) {Const(2, 1.0)};
\node[font=\tiny] (note_103) at (-1.5, 5.5) {BinOp(3, 2, 1)};
\node[font=\tiny] (note_104) at (-1.5, 6.5) {Conditional(3, [5, 6])};
\node[font=\tiny] (note_105) at (-1.5, 7.5) {Block(5)};
\node[font=\tiny] (note_106) at (-1.5, 8.5) {Assign(4, 0)};
\node[font=\tiny] (note_107) at (-1.5, 9.5) {Const(5, 1.0)};
\node[font=\tiny] (note_108) at (-1.5, 10.5) {BinOp(6, 5, 4)};
\node[font=\tiny] (note_109) at (-1.5, 11.5) {Conditional(6, [4])};
\node[font=\tiny] (note_110) at (-1.5, 12.5) {Kill(6)};
\node[font=\tiny] (note_111) at (-1.5, 13.5) {Kill(5)};
\node[font=\tiny] (note_112) at (-1.5, 14.5) {Kill(4)};
\node[font=\tiny] (note_113) at (-1.5, 15.5) {Jump(2)};
\node[font=\tiny] (note_114) at (-1.5, 16.5) {Jump(6)};
\node[font=\tiny] (note_115) at (-1.5, 17.5) {Block(6)};
\node[font=\tiny] (note_116) at (-1.5, 18.5) {Assign(7, 0)};
\node[font=\tiny] (note_117) at (-1.5, 19.5) {Const(8, -1.0)};
\node[font=\tiny] (note_118) at (-1.5, 20.5) {BinOp(9, 8, 7)};
\node[font=\tiny] (note_119) at (-1.5, 21.5) {Call(0, [9], [10])};
\node[font=\tiny] (note_120) at (-1.5, 22.5) {Assign(11, 0)};
\node[font=\tiny] (note_121) at (-1.5, 23.5) {Const(12, -2.0)};
\node[font=\tiny] (note_122) at (-1.5, 24.5) {BinOp(13, 12, 11)};
\node[font=\tiny] (note_123) at (-1.5, 25.5) {Call(0, [13], [14])};
\node[font=\tiny] (note_124) at (-1.5, 26.5) {BinOp(15, 14, 13)};
\node[font=\tiny] (note_125) at (-1.5, 27.5) {Kill(15)};
\node[font=\tiny] (note_126) at (-1.5, 28.5) {Kill(14)};
\node[font=\tiny] (note_127) at (-1.5, 29.5) {Kill(13)};
\node[font=\tiny] (note_128) at (-1.5, 30.5) {Kill(12)};
\node[font=\tiny] (note_129) at (-1.5, 31.5) {Kill(11)};
\node[font=\tiny] (note_130) at (-1.5, 32.5) {Kill(10)};
\node[font=\tiny] (note_131) at (-1.5, 33.5) {Kill(9)};
\node[font=\tiny] (note_132) at (-1.5, 34.5) {Kill(8)};
\node[font=\tiny] (note_133) at (-1.5, 35.5) {Kill(7)};
\node[font=\tiny] (note_134) at (-1.5, 36.5) {Kill(3)};
\node[font=\tiny] (note_135) at (-1.5, 37.5) {Kill(2)};
\node[font=\tiny] (note_136) at (-1.5, 38.5) {Kill(1)};
\node[font=\tiny] (note_137) at (-1.5, 39.5) {Return([0])};
\node[font=\tiny] (note_138) at (-1.5, 40.5) {Jump(4)};
\node[font=\tiny] (note_139) at (-1.5, 41.5) {Block(4)};
\node[font=\tiny] (note_140) at (-1.5, 42.5) {Const(16, 0.0)};
\node[font=\tiny] (note_141) at (-1.5, 43.5) {Assign(0, 16)};
\node[font=\tiny] (note_142) at (-1.5, 44.5) {Kill(16)};
\node[font=\tiny] (note_143) at (-1.5, 45.5) {Jump(2)};
\node[font=\tiny] (note_144) at (-1.5, 46.5) {Block(2)};
\node[font=\tiny] (note_145) at (-1.5, 47.5) {Assign(17, 0)};
\node[font=\tiny] (note_146) at (-1.5, 48.5) {Return([17])};
		\path[->, blue] (0) [loop right] edge  node { } (0);
		\path[->, blue] (0) [bend right] edge  node { } (1);
		\path[->, blue] (0) [bend right] edge  node { } (2);
		\path[->, blue] (0) [bend right] edge  node { } (3);
		\path[->, blue] (0) [bend right] edge  node { } (46);
		\path[->, blue] (0) [bend right] edge  node { } (47);
		\path[->, blue] (0) [bend right] edge  node { } (48);
		\path[->, blue] (0) [bend right] edge  node { } (49);
		\path[->, blue] (0) [bend right] edge  node { } (50);
		\path[->, blue] (0) [bend right] edge  node { } (51);
		\path[->, blue] (0) [bend right] edge  node { } (52);
		\path[->, blue] (0) [bend right] edge  node { } (53);
		\path[->, blue] (0) [bend right] edge  node { } (54);
		\path[->, blue] (0) [bend right] edge  node { } (55);
		\path[->, blue] (0) [bend right] edge  node { } (56);
		\path[->, blue] (0) [bend right] edge  node { } (57);
		\path[->, blue] (0) [bend right] edge  node { } (58);
		\path[->, blue] (0) [bend right] edge  node { } (59);
		\path[->, blue] (0) [bend right] edge  node { } (60);
		\path[->, blue] (0) [bend right] edge  node { } (61);
		\path[->, blue] (0) [bend right] edge  node { } (62);
		\path[->, blue] (0) [bend right] edge  node { } (63);
		\path[->, blue] (0) [bend right] edge  node { } (64);
		\path[->, blue] (0) [bend right] edge  node { } (65);
		\path[->, blue] (0) [bend right] edge  node { } (66);
		\path[->, blue] (0) [bend right] edge  node { } (67);
		\path[->, blue] (0) [bend right] edge  node { } (68);
		\path[->, blue] (0) [bend right] edge  node { } (69);
		\path[->, blue] (0) [bend right] edge  node { } (70);
		\path[->, blue] (0) [bend right] edge  node { } (71);
		\path[->, blue] (0) [bend right] edge  node { } (72);
		\path[->, blue] (0) [bend right] edge  node { } (73);
		\path[->, blue] (0) [bend right] edge  node { } (74);
		\path[->, blue] (0) [bend right] edge  node { } (75);
		\path[->, blue] (0) [bend right] edge  node { } (76);
		\path[->, blue] (0) [bend right] edge  node { } (77);
		\path[->, blue] (0) [bend right] edge  node { } (78);
		\path[->, blue] (0) [bend right] edge  node { } (79);
		\path[->, blue] (0) [bend right] edge  node { } (80);
		\path[->, blue] (0) [bend right] edge  node { } (81);
		\path[->, blue] (0) [bend right] edge  node { } (82);
		\path[->, blue] (0) [bend right] edge  node { } (83);
		\path[->, blue] (0) [bend right] edge  node { } (84);
		\path[->, blue] (0) [bend right] edge  node { } (85);
		\path[->, blue] (0) [bend right] edge  node { } (86);
		\path[->, blue] (0) [bend right] edge  node { } (87);
		\path[->, blue] (0) [bend right] edge  node { } (88);
		\path[->, blue] (0) [bend right] edge  node { } (89);
		\path[->, blue] (0) [bend right] edge  node { } (90);
		\path[->, blue] (0) [bend right] edge  node { } (91);
		\path[->, blue] (1) [loop right] edge  node { } (1);
		\path[->, blue] (2) [loop right] edge  node { } (2);
		\path[->, blue] (3) [loop right] edge  node { } (3);
		\path[->, blue] (3) [bend right] edge  node { } (95);
		\path[->, blue] (1) [bend right] edge  node { } (2);
		\path[->, blue] (2) [bend right] edge  node { } (3);
		\path[->, blue] (3) [bend right] edge  node { } (46);
		\path[->, blue] (3) [bend right] edge  node { } (99);
		\path[->, blue] (1) [bend right] edge  node { } (3);
		\path[->, blue] (2) [bend right] edge  node { } (46);
		\path[->, blue] (3) [bend right] edge  node { } (102);
		\path[->, blue] (3) [bend right] edge  node { } (103);
		\path[->, blue] (1) [bend right] edge  node { } (46);
		\path[->, blue] (3) [bend right] edge  node { } (105);
		\path[->, blue] (3) [bend right] edge  node { } (106);
		\path[->, blue] (3) [bend right] edge  node { } (107);
		\path[->, blue] (3) [bend right] edge  node { } (108);
		\path[->, blue] (3) [bend right] edge  node { } (109);
		\path[->, blue] (3) [bend right] edge  node { } (110);
		\path[->, blue] (3) [bend right] edge  node { } (111);
		\path[->, blue] (3) [bend right] edge  node { } (112);
		\path[->, blue] (3) [bend right] edge  node { } (113);
		\path[->, blue] (3) [bend right] edge  node { } (114);
		\path[->, blue] (3) [bend right] edge  node { } (115);
		\path[->, blue] (3) [bend right] edge  node { } (116);
		\path[->, blue] (3) [bend right] edge  node { } (117);
		\path[->, blue] (3) [bend right] edge  node { } (118);
		\path[->, blue] (3) [bend right] edge  node { } (119);
		\path[->, blue] (3) [bend right] edge  node { } (120);
		\path[->, blue] (3) [bend right] edge  node { } (121);
		\path[->, blue] (3) [bend right] edge  node { } (122);
		\path[->, blue] (3) [bend right] edge  node { } (123);
		\path[->, blue] (3) [bend right] edge  node { } (124);
		\path[->, blue] (3) [bend right] edge  node { } (125);
		\path[->, blue] (3) [bend right] edge  node { } (126);
		\path[->, blue] (0) [bend right] edge  node { } (127);
		\path[->, blue] (3) [bend right] edge  node { } (128);
		\path[->, blue] (3) [bend right] edge  node { } (129);
		\path[->, blue] (0) [bend right] edge  node { } (130);
		\path[->, blue] (3) [bend right] edge  node { } (131);
		\path[->, blue] (3) [bend right] edge  node { } (132);
		\path[->, blue] (0) [bend right] edge  node { } (133);
		\path[->, blue] (3) [bend right] edge  node { } (134);
		\path[->, blue] (3) [bend right] edge  node { } (135);
		\path[->, blue] (0) [bend right] edge  node { } (136);
		\path[->, blue] (3) [bend right] edge  node { } (137);
		\path[->, blue] (3) [bend right] edge  node { } (138);
		\path[->, blue] (0) [bend right] edge  node { } (139);
		\path[->, blue] (3) [bend right] edge  node { } (140);
		\path[->, blue] (3) [bend right] edge  node { } (141);
		\path[->, blue] (0) [bend right] edge  node { } (142);
		\path[->, blue] (3) [bend right] edge  node { } (143);
		\path[->, blue] (3) [bend right] edge  node { } (144);
		\path[->, blue] (0) [bend right] edge  node { } (145);
		\path[->, blue] (3) [bend right] edge  node { } (146);
		\path[->, blue] (3) [bend right] edge  node { } (147);
		\path[->, blue] (0) [bend right] edge  node { } (148);
		\path[->, blue] (3) [bend right] edge  node { } (149);
		\path[->, blue] (3) [bend right] edge  node { } (150);
		\path[->, blue] (0) [bend right] edge  node { } (151);
		\path[->, blue] (3) [bend right] edge  node { } (152);
		\path[->, blue] (3) [bend right] edge  node { } (153);
		\path[->, blue] (0) [bend right] edge  node { } (154);
		\path[->, blue] (3) [bend right] edge  node { } (155);
		\path[->, blue] (0) [bend right] edge  node { } (156);
		\path[->, blue] (3) [bend right] edge  node { } (157);
		\path[->, blue] (0) [bend right] edge  node { } (158);
		\path[->, blue] (3) [bend right] edge  node { } (159);
		\path[->, blue] (0) [bend right] edge  node { } (160);
		\path[->, blue] (3) [bend right] edge  node { } (161);
		\path[->, blue] (0) [bend right] edge  node { } (162);
		\path[->, blue] (3) [bend right] edge  node { } (163);
		\path[->, blue] (0) [bend right] edge  node { } (164);
		\path[->, blue] (3) [bend right] edge  node { } (165);
		\path[->, blue] (0) [bend right] edge  node { } (166);
		\path[->, blue] (0) [bend right] edge  node { } (167);
		\path[->, blue] (0) [bend right] edge  node { } (168);
		\path[->, blue] (0) [bend right] edge  node { } (169);
		\path[->, blue] (0) [bend right] edge  node { } (170);
		\path[->, blue] (0) [bend right] edge  node { } (171);
		\path[->, blue] (0) [bend right] edge  node { } (172);
		\path[->, blue] (0) [bend right] edge  node { } (173);
		\path[->, blue] (0) [bend right] edge  node { } (174);
		\path[->, blue] (0) [bend right] edge  node { } (175);
		\path[->, blue] (0) [bend right] edge  node { } (176);
		\path[->, blue] (0) [bend right] edge  node { } (177);
		\path[->, blue] (0) [bend right] edge  node { } (178);
		\path[->, blue] (0) [bend right] edge  node { } (179);
		\path[->, blue] (0) [bend right] edge  node { } (180);
		\path[->, blue] (0) [bend right] edge  node { } (181);
		\path[->, blue] (0) [bend right] edge  node { } (182);


                \end{tikzpicture}
            \end{document}
