---
source: src/tests/icfg/naive/convert.rs
expression: output

---
   \documentclass{standalone}
            \usepackage{pgf, tikz}
            \usetikzlibrary{arrows, automata}
            \begin{document}
                \begin{tikzpicture}
                    [node distance=3cm]
                    \tikzstyle{every state}=[
                        draw = black,
                        thick,
                        fill = white,
                        minimum size = 4mm
                    ]

                    \node[circle,fill,inner sep=1pt,label=left:{\scriptsize $taut$}] (0) at (0, 0) { };
\node[circle,fill,inner sep=1pt,label=left:{\scriptsize $\%0$}] (1) at (9, 0) { };
\node[circle,fill,inner sep=1pt,label=left:{\scriptsize $\%1$}] (2) at (8, 0) { };
\node[circle,fill,inner sep=1pt,label=left:{\scriptsize $\%2$}] (3) at (7, 0) { };
\node[circle,fill,inner sep=1pt,label=left:{\scriptsize $\%3$}] (4) at (6, 0) { };
\node[circle,fill,inner sep=1pt,label=left:{\scriptsize $\%4$}] (5) at (5, 0) { };
\node[circle,fill,inner sep=1pt,label=left:{\scriptsize $\%5$}] (6) at (4, 0) { };
\node[circle,fill,inner sep=1pt,label=left:{\scriptsize $\%6$}] (7) at (3, 0) { };
\node[circle,fill,inner sep=1pt,label=left:{\scriptsize $\%7$}] (8) at (2, 0) { };
\node[circle,fill,inner sep=1pt,label=left:{\scriptsize $taut$}] (9) at (0, 1) { };
\node[circle,fill,inner sep=1pt,label=left:{\scriptsize $\%1$}] (10) at (8, 1) { };
\node[circle,fill,inner sep=1pt,label=left:{\scriptsize $\%2$}] (11) at (7, 1) { };
\node[circle,fill,inner sep=1pt,label=left:{\scriptsize $\%3$}] (12) at (6, 1) { };
\node[circle,fill,inner sep=1pt,label=left:{\scriptsize $\%4$}] (13) at (5, 1) { };
\node[circle,fill,inner sep=1pt,label=left:{\scriptsize $\%5$}] (14) at (4, 1) { };
\node[circle,fill,inner sep=1pt,label=left:{\scriptsize $\%6$}] (15) at (3, 1) { };
\node[circle,fill,inner sep=1pt,label=left:{\scriptsize $\%7$}] (16) at (2, 1) { };
\node[circle,fill,inner sep=1pt,label=left:{\scriptsize $taut$}] (17) at (0, 1) { };
\node[circle,fill,inner sep=1pt,label=left:{\scriptsize $taut$}] (18) at (0, 2) { };
\node[circle,fill,inner sep=1pt,label=left:{\scriptsize $\%0$}] (19) at (9, 2) { };
\node[circle,fill,inner sep=1pt,label=left:{\scriptsize $\%2$}] (20) at (7, 2) { };
\node[circle,fill,inner sep=1pt,label=left:{\scriptsize $\%3$}] (21) at (6, 2) { };
\node[circle,fill,inner sep=1pt,label=left:{\scriptsize $\%4$}] (22) at (5, 2) { };
\node[circle,fill,inner sep=1pt,label=left:{\scriptsize $\%5$}] (23) at (4, 2) { };
\node[circle,fill,inner sep=1pt,label=left:{\scriptsize $\%6$}] (24) at (3, 2) { };
\node[circle,fill,inner sep=1pt,label=left:{\scriptsize $\%7$}] (25) at (2, 2) { };
\node[circle,fill,inner sep=1pt,label=left:{\scriptsize $taut$}] (26) at (0, 2) { };
\node[circle,fill,inner sep=1pt,label=left:{\scriptsize $taut$}] (27) at (0, 3) { };
\node[circle,fill,inner sep=1pt,label=left:{\scriptsize $\%0$}] (28) at (9, 3) { };
\node[circle,fill,inner sep=1pt,label=left:{\scriptsize $\%1$}] (29) at (8, 3) { };
\node[circle,fill,inner sep=1pt,label=left:{\scriptsize $\%2$}] (30) at (7, 3) { };
\node[circle,fill,inner sep=1pt,label=left:{\scriptsize $\%3$}] (31) at (6, 3) { };
\node[circle,fill,inner sep=1pt,label=left:{\scriptsize $\%4$}] (32) at (5, 3) { };
\node[circle,fill,inner sep=1pt,label=left:{\scriptsize $\%5$}] (33) at (4, 3) { };
\node[circle,fill,inner sep=1pt,label=left:{\scriptsize $\%6$}] (34) at (3, 3) { };
\node[circle,fill,inner sep=1pt,label=left:{\scriptsize $\%7$}] (35) at (2, 3) { };
\node[circle,fill,inner sep=1pt,label=left:{\scriptsize $\%0$}] (36) at (9, 3) { };
\node[circle,fill,inner sep=1pt,label=left:{\scriptsize $\%1$}] (37) at (8, 3) { };
\node[circle,fill,inner sep=1pt,label=left:{\scriptsize $taut$}] (38) at (0, 4) { };
\node[circle,fill,inner sep=1pt,label=left:{\scriptsize $\%0$}] (39) at (9, 4) { };
\node[circle,fill,inner sep=1pt,label=left:{\scriptsize $\%1$}] (40) at (8, 4) { };
\node[circle,fill,inner sep=1pt,label=left:{\scriptsize $\%2$}] (41) at (7, 4) { };
\node[circle,fill,inner sep=1pt,label=left:{\scriptsize $\%3$}] (42) at (6, 4) { };
\node[circle,fill,inner sep=1pt,label=left:{\scriptsize $\%5$}] (43) at (4, 4) { };
\node[circle,fill,inner sep=1pt,label=left:{\scriptsize $\%6$}] (44) at (3, 4) { };
\node[circle,fill,inner sep=1pt,label=left:{\scriptsize $\%7$}] (45) at (2, 4) { };
\node[circle,fill,inner sep=1pt,label=left:{\scriptsize $@0$}] (46) at (1, 4) { };
\node[circle,fill,inner sep=1pt,label=left:{\scriptsize $taut$}] (47) at (0, 4) { };
\node[circle,fill,inner sep=1pt,label=left:{\scriptsize $taut$}] (48) at (0, 5) { };
\node[circle,fill,inner sep=1pt,label=left:{\scriptsize $\%0$}] (49) at (9, 5) { };
\node[circle,fill,inner sep=1pt,label=left:{\scriptsize $\%1$}] (50) at (8, 5) { };
\node[circle,fill,inner sep=1pt,label=left:{\scriptsize $\%2$}] (51) at (7, 5) { };
\node[circle,fill,inner sep=1pt,label=left:{\scriptsize $\%3$}] (52) at (6, 5) { };
\node[circle,fill,inner sep=1pt,label=left:{\scriptsize $\%4$}] (53) at (5, 5) { };
\node[circle,fill,inner sep=1pt,label=left:{\scriptsize $\%5$}] (54) at (4, 5) { };
\node[circle,fill,inner sep=1pt,label=left:{\scriptsize $\%6$}] (55) at (3, 5) { };
\node[circle,fill,inner sep=1pt,label=left:{\scriptsize $\%7$}] (56) at (2, 5) { };
\node[circle,fill,inner sep=1pt,label=left:{\scriptsize $@0$}] (57) at (1, 5) { };
\node[circle,fill,inner sep=1pt,label=left:{\scriptsize $\%4$}] (58) at (5, 5) { };
\node[circle,fill,inner sep=1pt,label=left:{\scriptsize $@0$}] (59) at (1, 5) { };
\node[circle,fill,inner sep=1pt,label=left:{\scriptsize $taut$}] (60) at (0, 6) { };
\node[circle,fill,inner sep=1pt,label=left:{\scriptsize $\%0$}] (61) at (9, 6) { };
\node[circle,fill,inner sep=1pt,label=left:{\scriptsize $\%1$}] (62) at (8, 6) { };
\node[circle,fill,inner sep=1pt,label=left:{\scriptsize $\%2$}] (63) at (7, 6) { };
\node[circle,fill,inner sep=1pt,label=left:{\scriptsize $\%3$}] (64) at (6, 6) { };
\node[circle,fill,inner sep=1pt,label=left:{\scriptsize $\%4$}] (65) at (5, 6) { };
\node[circle,fill,inner sep=1pt,label=left:{\scriptsize $\%5$}] (66) at (4, 6) { };
\node[circle,fill,inner sep=1pt,label=left:{\scriptsize $\%7$}] (67) at (2, 6) { };
\node[circle,fill,inner sep=1pt,label=left:{\scriptsize $@0$}] (68) at (1, 6) { };
\node[circle,fill,inner sep=1pt,label=left:{\scriptsize $taut$}] (69) at (0, 6) { };
\node[circle,fill,inner sep=1pt,label=left:{\scriptsize $taut$}] (70) at (0, 7) { };
\node[circle,fill,inner sep=1pt,label=left:{\scriptsize $\%0$}] (71) at (9, 7) { };
\node[circle,fill,inner sep=1pt,label=left:{\scriptsize $\%1$}] (72) at (8, 7) { };
\node[circle,fill,inner sep=1pt,label=left:{\scriptsize $\%2$}] (73) at (7, 7) { };
\node[circle,fill,inner sep=1pt,label=left:{\scriptsize $\%3$}] (74) at (6, 7) { };
\node[circle,fill,inner sep=1pt,label=left:{\scriptsize $\%4$}] (75) at (5, 7) { };
\node[circle,fill,inner sep=1pt,label=left:{\scriptsize $\%5$}] (76) at (4, 7) { };
\node[circle,fill,inner sep=1pt,label=left:{\scriptsize $\%6$}] (77) at (3, 7) { };
\node[circle,fill,inner sep=1pt,label=left:{\scriptsize $\%7$}] (78) at (2, 7) { };
\node[circle,fill,inner sep=1pt,label=left:{\scriptsize $@0$}] (79) at (1, 7) { };
\node[circle,fill,inner sep=1pt,label=left:{\scriptsize $\%6$}] (80) at (3, 7) { };
\node[circle,fill,inner sep=1pt,label=left:{\scriptsize $@0$}] (81) at (1, 7) { };
\node[circle,fill,inner sep=1pt,label=left:{\scriptsize $taut$}] (82) at (0, 8) { };
\node[circle,fill,inner sep=1pt,label=left:{\scriptsize $\%0$}] (83) at (9, 8) { };
\node[circle,fill,inner sep=1pt,label=left:{\scriptsize $\%1$}] (84) at (8, 8) { };
\node[circle,fill,inner sep=1pt,label=left:{\scriptsize $\%2$}] (85) at (7, 8) { };
\node[circle,fill,inner sep=1pt,label=left:{\scriptsize $\%3$}] (86) at (6, 8) { };
\node[circle,fill,inner sep=1pt,label=left:{\scriptsize $\%4$}] (87) at (5, 8) { };
\node[circle,fill,inner sep=1pt,label=left:{\scriptsize $\%5$}] (88) at (4, 8) { };
\node[circle,fill,inner sep=1pt,label=left:{\scriptsize $\%6$}] (89) at (3, 8) { };
\node[circle,fill,inner sep=1pt,label=left:{\scriptsize $@0$}] (90) at (1, 8) { };
\node[circle,fill,inner sep=1pt,label=left:{\scriptsize $taut$}] (91) at (0, 9) { };
\node[circle,fill,inner sep=1pt,label=left:{\scriptsize $\%0$}] (92) at (9, 9) { };
\node[circle,fill,inner sep=1pt,label=left:{\scriptsize $\%1$}] (93) at (8, 9) { };
\node[circle,fill,inner sep=1pt,label=left:{\scriptsize $\%2$}] (94) at (7, 9) { };
\node[circle,fill,inner sep=1pt,label=left:{\scriptsize $\%3$}] (95) at (6, 9) { };
\node[circle,fill,inner sep=1pt,label=left:{\scriptsize $\%4$}] (96) at (5, 9) { };
\node[circle,fill,inner sep=1pt,label=left:{\scriptsize $\%5$}] (97) at (4, 9) { };
\node[circle,fill,inner sep=1pt,label=left:{\scriptsize $\%7$}] (98) at (2, 9) { };
\node[circle,fill,inner sep=1pt,label=left:{\scriptsize $@0$}] (99) at (1, 9) { };
\node[circle,fill,inner sep=1pt,label=left:{\scriptsize $taut$}] (100) at (0, 10) { };
\node[circle,fill,inner sep=1pt,label=left:{\scriptsize $\%0$}] (101) at (9, 10) { };
\node[circle,fill,inner sep=1pt,label=left:{\scriptsize $\%1$}] (102) at (8, 10) { };
\node[circle,fill,inner sep=1pt,label=left:{\scriptsize $\%2$}] (103) at (7, 10) { };
\node[circle,fill,inner sep=1pt,label=left:{\scriptsize $\%3$}] (104) at (6, 10) { };
\node[circle,fill,inner sep=1pt,label=left:{\scriptsize $\%4$}] (105) at (5, 10) { };
\node[circle,fill,inner sep=1pt,label=left:{\scriptsize $\%5$}] (106) at (4, 10) { };
\node[circle,fill,inner sep=1pt,label=left:{\scriptsize $\%6$}] (107) at (3, 10) { };
\node[circle,fill,inner sep=1pt,label=left:{\scriptsize $\%7$}] (108) at (2, 10) { };
\node[circle,fill,inner sep=1pt,label=left:{\scriptsize $@0$}] (109) at (1, 10) { };
\node[circle,fill,inner sep=1pt,label=left:{\scriptsize $taut$}] (110) at (0, 1) { };
\node[circle,fill,inner sep=1pt,label=left:{\scriptsize $\%0$}] (111) at (9, 1) { };
\node[circle,fill,inner sep=1pt,label=left:{\scriptsize $\%1$}] (112) at (8, 1) { };
\node[circle,fill,inner sep=1pt,label=left:{\scriptsize $\%2$}] (113) at (7, 1) { };
\node[circle,fill,inner sep=1pt,label=left:{\scriptsize $\%3$}] (114) at (6, 1) { };
\node[circle,fill,inner sep=1pt,label=left:{\scriptsize $\%4$}] (115) at (5, 1) { };
\node[circle,fill,inner sep=1pt,label=left:{\scriptsize $\%5$}] (116) at (4, 1) { };
\node[circle,fill,inner sep=1pt,label=left:{\scriptsize $\%6$}] (117) at (3, 1) { };
\node[circle,fill,inner sep=1pt,label=left:{\scriptsize $\%7$}] (118) at (2, 1) { };
\node[circle,fill,inner sep=1pt,label=left:{\scriptsize $taut$}] (119) at (0, 2) { };
\node[circle,fill,inner sep=1pt,label=left:{\scriptsize $\%1$}] (120) at (8, 2) { };
\node[circle,fill,inner sep=1pt,label=left:{\scriptsize $\%2$}] (121) at (7, 2) { };
\node[circle,fill,inner sep=1pt,label=left:{\scriptsize $\%3$}] (122) at (6, 2) { };
\node[circle,fill,inner sep=1pt,label=left:{\scriptsize $\%4$}] (123) at (5, 2) { };
\node[circle,fill,inner sep=1pt,label=left:{\scriptsize $\%5$}] (124) at (4, 2) { };
\node[circle,fill,inner sep=1pt,label=left:{\scriptsize $\%6$}] (125) at (3, 2) { };
\node[circle,fill,inner sep=1pt,label=left:{\scriptsize $\%7$}] (126) at (2, 2) { };
\node[circle,fill,inner sep=1pt,label=left:{\scriptsize $\%0$}] (127) at (9, 2) { };
\node[circle,fill,inner sep=1pt,label=left:{\scriptsize $taut$}] (128) at (0, 3) { };
\node[circle,fill,inner sep=1pt,label=left:{\scriptsize $\%0$}] (129) at (9, 3) { };
\node[circle,fill,inner sep=1pt,label=left:{\scriptsize $\%2$}] (130) at (7, 3) { };
\node[circle,fill,inner sep=1pt,label=left:{\scriptsize $\%3$}] (131) at (6, 3) { };
\node[circle,fill,inner sep=1pt,label=left:{\scriptsize $\%4$}] (132) at (5, 3) { };
\node[circle,fill,inner sep=1pt,label=left:{\scriptsize $\%5$}] (133) at (4, 3) { };
\node[circle,fill,inner sep=1pt,label=left:{\scriptsize $\%6$}] (134) at (3, 3) { };
\node[circle,fill,inner sep=1pt,label=left:{\scriptsize $\%7$}] (135) at (2, 3) { };
\node[circle,fill,inner sep=1pt,label=left:{\scriptsize $\%1$}] (136) at (8, 3) { };
\node[circle,fill,inner sep=1pt,label=left:{\scriptsize $taut$}] (137) at (0, 4) { };
\node[circle,fill,inner sep=1pt,label=left:{\scriptsize $\%0$}] (138) at (9, 4) { };
\node[circle,fill,inner sep=1pt,label=left:{\scriptsize $\%1$}] (139) at (8, 4) { };
\node[circle,fill,inner sep=1pt,label=left:{\scriptsize $\%2$}] (140) at (7, 4) { };
\node[circle,fill,inner sep=1pt,label=left:{\scriptsize $\%3$}] (141) at (6, 4) { };
\node[circle,fill,inner sep=1pt,label=left:{\scriptsize $\%4$}] (142) at (5, 4) { };
\node[circle,fill,inner sep=1pt,label=left:{\scriptsize $\%5$}] (143) at (4, 4) { };
\node[circle,fill,inner sep=1pt,label=left:{\scriptsize $\%6$}] (144) at (3, 4) { };
\node[circle,fill,inner sep=1pt,label=left:{\scriptsize $\%7$}] (145) at (2, 4) { };
\node[circle,fill,inner sep=1pt,label=left:{\scriptsize $@0$}] (146) at (1, 4) { };
\node[circle,fill,inner sep=1pt,label=left:{\scriptsize $taut$}] (147) at (0, 5) { };
\node[circle,fill,inner sep=1pt,label=left:{\scriptsize $\%0$}] (148) at (9, 5) { };
\node[circle,fill,inner sep=1pt,label=left:{\scriptsize $\%1$}] (149) at (8, 5) { };
\node[circle,fill,inner sep=1pt,label=left:{\scriptsize $\%2$}] (150) at (7, 5) { };
\node[circle,fill,inner sep=1pt,label=left:{\scriptsize $\%3$}] (151) at (6, 5) { };
\node[circle,fill,inner sep=1pt,label=left:{\scriptsize $\%5$}] (152) at (4, 5) { };
\node[circle,fill,inner sep=1pt,label=left:{\scriptsize $\%6$}] (153) at (3, 5) { };
\node[circle,fill,inner sep=1pt,label=left:{\scriptsize $\%7$}] (154) at (2, 5) { };
\node[circle,fill,inner sep=1pt,label=left:{\scriptsize $@0$}] (155) at (1, 5) { };
\node[circle,fill,inner sep=1pt,label=left:{\scriptsize $\%4$}] (156) at (5, 5) { };
\node[circle,fill,inner sep=1pt,label=left:{\scriptsize $taut$}] (157) at (0, 6) { };
\node[circle,fill,inner sep=1pt,label=left:{\scriptsize $\%0$}] (158) at (9, 6) { };
\node[circle,fill,inner sep=1pt,label=left:{\scriptsize $\%1$}] (159) at (8, 6) { };
\node[circle,fill,inner sep=1pt,label=left:{\scriptsize $\%2$}] (160) at (7, 6) { };
\node[circle,fill,inner sep=1pt,label=left:{\scriptsize $\%3$}] (161) at (6, 6) { };
\node[circle,fill,inner sep=1pt,label=left:{\scriptsize $\%4$}] (162) at (5, 6) { };
\node[circle,fill,inner sep=1pt,label=left:{\scriptsize $\%5$}] (163) at (4, 6) { };
\node[circle,fill,inner sep=1pt,label=left:{\scriptsize $\%6$}] (164) at (3, 6) { };
\node[circle,fill,inner sep=1pt,label=left:{\scriptsize $\%7$}] (165) at (2, 6) { };
\node[circle,fill,inner sep=1pt,label=left:{\scriptsize $@0$}] (166) at (1, 6) { };
\node[circle,fill,inner sep=1pt,label=left:{\scriptsize $\%5$}] (167) at (4, 6) { };
\node[circle,fill,inner sep=1pt,label=left:{\scriptsize $taut$}] (168) at (0, 7) { };
\node[circle,fill,inner sep=1pt,label=left:{\scriptsize $\%0$}] (169) at (9, 7) { };
\node[circle,fill,inner sep=1pt,label=left:{\scriptsize $\%1$}] (170) at (8, 7) { };
\node[circle,fill,inner sep=1pt,label=left:{\scriptsize $\%2$}] (171) at (7, 7) { };
\node[circle,fill,inner sep=1pt,label=left:{\scriptsize $\%3$}] (172) at (6, 7) { };
\node[circle,fill,inner sep=1pt,label=left:{\scriptsize $\%4$}] (173) at (5, 7) { };
\node[circle,fill,inner sep=1pt,label=left:{\scriptsize $\%5$}] (174) at (4, 7) { };
\node[circle,fill,inner sep=1pt,label=left:{\scriptsize $\%7$}] (175) at (2, 7) { };
\node[circle,fill,inner sep=1pt,label=left:{\scriptsize $@0$}] (176) at (1, 7) { };
\node[circle,fill,inner sep=1pt,label=left:{\scriptsize $\%6$}] (177) at (3, 7) { };
\node[circle,fill,inner sep=1pt,label=left:{\scriptsize $taut$}] (178) at (0, 8) { };
\node[circle,fill,inner sep=1pt,label=left:{\scriptsize $\%0$}] (179) at (9, 8) { };
\node[circle,fill,inner sep=1pt,label=left:{\scriptsize $\%1$}] (180) at (8, 8) { };
\node[circle,fill,inner sep=1pt,label=left:{\scriptsize $\%2$}] (181) at (7, 8) { };
\node[circle,fill,inner sep=1pt,label=left:{\scriptsize $\%3$}] (182) at (6, 8) { };
\node[circle,fill,inner sep=1pt,label=left:{\scriptsize $\%4$}] (183) at (5, 8) { };
\node[circle,fill,inner sep=1pt,label=left:{\scriptsize $\%5$}] (184) at (4, 8) { };
\node[circle,fill,inner sep=1pt,label=left:{\scriptsize $\%6$}] (185) at (3, 8) { };
\node[circle,fill,inner sep=1pt,label=left:{\scriptsize $\%7$}] (186) at (2, 8) { };
\node[circle,fill,inner sep=1pt,label=left:{\scriptsize $@0$}] (187) at (1, 8) { };
\node[circle,fill,inner sep=1pt,label=left:{\scriptsize $\%7$}] (188) at (2, 8) { };
\node[circle,fill,inner sep=1pt,label=left:{\scriptsize $taut$}] (189) at (0, 9) { };
\node[circle,fill,inner sep=1pt,label=left:{\scriptsize $\%0$}] (190) at (9, 9) { };
\node[circle,fill,inner sep=1pt,label=left:{\scriptsize $\%1$}] (191) at (8, 9) { };
\node[circle,fill,inner sep=1pt,label=left:{\scriptsize $\%2$}] (192) at (7, 9) { };
\node[circle,fill,inner sep=1pt,label=left:{\scriptsize $\%3$}] (193) at (6, 9) { };
\node[circle,fill,inner sep=1pt,label=left:{\scriptsize $\%4$}] (194) at (5, 9) { };
\node[circle,fill,inner sep=1pt,label=left:{\scriptsize $\%5$}] (195) at (4, 9) { };
\node[circle,fill,inner sep=1pt,label=left:{\scriptsize $\%6$}] (196) at (3, 9) { };
\node[circle,fill,inner sep=1pt,label=left:{\scriptsize $@0$}] (197) at (1, 9) { };
\node[circle,fill,inner sep=1pt,label=left:{\scriptsize $taut$}] (198) at (0, 10) { };
\node[circle,fill,inner sep=1pt,label=left:{\scriptsize $\%0$}] (199) at (9, 10) { };
\node[circle,fill,inner sep=1pt,label=left:{\scriptsize $\%1$}] (200) at (8, 10) { };
\node[circle,fill,inner sep=1pt,label=left:{\scriptsize $\%2$}] (201) at (7, 10) { };
\node[circle,fill,inner sep=1pt,label=left:{\scriptsize $\%3$}] (202) at (6, 10) { };
\node[circle,fill,inner sep=1pt,label=left:{\scriptsize $\%4$}] (203) at (5, 10) { };
\node[circle,fill,inner sep=1pt,label=left:{\scriptsize $\%5$}] (204) at (4, 10) { };
\node[circle,fill,inner sep=1pt,label=left:{\scriptsize $\%7$}] (205) at (2, 10) { };
\node[circle,fill,inner sep=1pt,label=left:{\scriptsize $@0$}] (206) at (1, 10) { };
\node[circle,fill,inner sep=1pt,label=left:{\scriptsize $taut$}] (207) at (0, 11) { };
\node[circle,fill,inner sep=1pt,label=left:{\scriptsize $\%0$}] (208) at (9, 11) { };
\node[circle,fill,inner sep=1pt,label=left:{\scriptsize $\%1$}] (209) at (8, 11) { };
\node[circle,fill,inner sep=1pt,label=left:{\scriptsize $\%2$}] (210) at (7, 11) { };
\node[circle,fill,inner sep=1pt,label=left:{\scriptsize $\%3$}] (211) at (6, 11) { };
\node[circle,fill,inner sep=1pt,label=left:{\scriptsize $\%4$}] (212) at (5, 11) { };
\node[circle,fill,inner sep=1pt,label=left:{\scriptsize $\%5$}] (213) at (4, 11) { };
\node[circle,fill,inner sep=1pt,label=left:{\scriptsize $\%6$}] (214) at (3, 11) { };
\node[circle,fill,inner sep=1pt,label=left:{\scriptsize $\%7$}] (215) at (2, 11) { };
\node[circle,fill,inner sep=1pt,label=left:{\scriptsize $@0$}] (216) at (1, 11) { };
\node[font=\tiny] (note_0) at (-1.5, 0.5) {Block(0)};
\node[font=\tiny] (note_1) at (-1.5, 1.5) {Const(0, 8.0)};
\node[font=\tiny] (note_2) at (-1.5, 2.5) {Const(1, -12345.0)};
\node[font=\tiny] (note_3) at (-1.5, 3.5) {Store(1, 0.0, 0)};
\node[font=\tiny] (note_4) at (-1.5, 4.5) {Const(4, 8.0)};
\node[font=\tiny] (note_5) at (-1.5, 5.5) {Load(5, 0.0, 4)};
\node[font=\tiny] (note_6) at (-1.5, 6.5) {Const(6, 8.0)};
\node[font=\tiny] (note_7) at (-1.5, 8.5) {Kill(7)};
\node[font=\tiny] (note_8) at (-1.5, 9.5) {Kill(6)};
\node[font=\tiny] (note_9) at (-1.5, 7.5) {Load(7, 0.0, 6)};
\node[font=\tiny] (note_10) at (-1.5, 10.5) {Return([])};
		\path[->] (0) edge (9);
		\path[->] (1) edge (111);
		\path[->] (2) edge (10);
		\path[->] (3) edge (11);
		\path[->] (4) edge (12);
		\path[->] (5) edge (13);
		\path[->] (6) edge (14);
		\path[->] (7) edge (15);
		\path[->] (8) edge (16);
		\path[->] (9) edge (18);
		\path[->] (10) edge (120);
		\path[->] (11) edge (20);
		\path[->] (12) edge (21);
		\path[->] (13) edge (22);
		\path[->] (14) edge (23);
		\path[->] (15) edge (24);
		\path[->] (16) edge (25);
		\path[->] (9) edge (19);
		\path[->] (18) edge (27);
		\path[->] (19) edge (28);
		\path[->] (20) edge (30);
		\path[->] (21) edge (31);
		\path[->] (22) edge (32);
		\path[->] (23) edge (33);
		\path[->] (24) edge (34);
		\path[->] (25) edge (35);
		\path[->] (18) edge (29);
		\path[->] (27) edge (38);
		\path[->] (28) edge (39);
		\path[->] (29) edge (40);
		\path[->] (30) edge (41);
		\path[->] (31) edge (42);
		\path[->] (32) edge (142);
		\path[->] (33) edge (43);
		\path[->] (34) edge (44);
		\path[->] (35) edge (45);
		\path[->] (28) edge (46);
		\path[->] (29) edge (46);
		\path[->] (38) edge (48);
		\path[->] (39) edge (49);
		\path[->] (40) edge (50);
		\path[->] (41) edge (51);
		\path[->] (42) edge (52);
		\path[->] (43) edge (54);
		\path[->] (44) edge (55);
		\path[->] (45) edge (56);
		\path[->] (46) edge (57);
		\path[->] (38) edge (53);
		\path[->] (48) edge (60);
		\path[->] (49) edge (61);
		\path[->] (50) edge (62);
		\path[->] (51) edge (63);
		\path[->] (52) edge (64);
		\path[->] (53) edge (65);
		\path[->] (54) edge (66);
		\path[->] (55) edge (164);
		\path[->] (56) edge (67);
		\path[->] (57) edge (68);
		\path[->] (53) edge (66);
		\path[->] (57) edge (66);
		\path[->] (60) edge (70);
		\path[->] (61) edge (71);
		\path[->] (62) edge (72);
		\path[->] (63) edge (73);
		\path[->] (64) edge (74);
		\path[->] (65) edge (75);
		\path[->] (66) edge (76);
		\path[->] (67) edge (78);
		\path[->] (68) edge (79);
		\path[->] (60) edge (77);
		\path[->] (70) edge (82);
		\path[->] (71) edge (83);
		\path[->] (72) edge (84);
		\path[->] (73) edge (85);
		\path[->] (74) edge (86);
		\path[->] (75) edge (87);
		\path[->] (76) edge (88);
		\path[->] (77) edge (89);
		\path[->] (78) edge (186);
		\path[->] (79) edge (90);
		\path[->] (77) edge (186);
		\path[->] (79) edge (186);
		\path[->] (82) edge (91);
		\path[->] (83) edge (92);
		\path[->] (84) edge (93);
		\path[->] (85) edge (94);
		\path[->] (86) edge (95);
		\path[->] (87) edge (96);
		\path[->] (88) edge (97);
		\path[->] (89) edge (196);
		\path[->] (90) edge (99);
		\path[->] (91) edge (100);
		\path[->] (92) edge (101);
		\path[->] (93) edge (102);
		\path[->] (94) edge (103);
		\path[->] (95) edge (104);
		\path[->] (96) edge (105);
		\path[->] (97) edge (106);
		\path[->] (98) edge (108);
		\path[->] (99) edge (109);
		\path[->] (100) edge (207);
		\path[->] (101) edge (208);
		\path[->] (102) edge (209);
		\path[->] (103) edge (210);
		\path[->] (104) edge (211);
		\path[->] (105) edge (212);
		\path[->] (106) edge (213);
		\path[->] (107) edge (214);
		\path[->] (108) edge (215);
		\path[->] (109) edge (216);


                \end{tikzpicture}
            \end{document}
