---
source: src/tests/icfg/naive/convert.rs
expression: output

---
   \documentclass{standalone}
            \usepackage{pgf, tikz}
            \usetikzlibrary{arrows, automata}
            \begin{document}
                \begin{tikzpicture}
                    [node distance=3cm]
                    \tikzstyle{every state}=[
                        draw = black,
                        thick,
                        fill = white,
                        minimum size = 4mm
                    ]

                    \node[circle,fill,inner sep=1pt,label=left:{\scriptsize $taut$}] (13) at (0, 0) { };
\node[circle,fill,inner sep=1pt,label=left:{\scriptsize $\%-1$}] (14) at (2, 0) { };
\node[circle,fill,inner sep=1pt,label=left:{\scriptsize $taut$}] (15) at (0, 1) { };
\node[circle,fill,inner sep=1pt,label=left:{\scriptsize $\%-1$}] (16) at (2, 1) { };
\node[circle,fill,inner sep=1pt,label=left:{\scriptsize $\%0$}] (17) at (1, 1) { };
\node[circle,fill,inner sep=1pt,label=left:{\scriptsize $taut$}] (18) at (0, 1) { };
\node[circle,fill,inner sep=1pt,label=left:{\scriptsize $\%0$}] (19) at (1, 1) { };
\node[circle,fill,inner sep=1pt,label=left:{\scriptsize $\%-1$}] (20) at (2, 1) { };
\node[circle,fill,inner sep=1pt,label=left:{\scriptsize $\%-1$}] (32) at (2, 0) { };
\node[circle,fill,inner sep=1pt,label=left:{\scriptsize $taut$}] (33) at (0, 1) { };
\node[circle,fill,inner sep=1pt,label=left:{\scriptsize $\%-1$}] (34) at (2, 1) { };
\node[circle,fill,inner sep=1pt,label=left:{\scriptsize $\%0$}] (35) at (1, 1) { };
\node[circle,fill,inner sep=1pt,label=left:{\scriptsize $taut$}] (36) at (0, 2) { };
\node[circle,fill,inner sep=1pt,label=left:{\scriptsize $\%-1$}] (39) at (2, 2) { };
\node[circle,fill,inner sep=1pt,label=left:{\scriptsize $taut$}] (41) at (0, 0) { };
\node[circle,fill,inner sep=1pt,label=left:{\scriptsize $\%0$}] (42) at (1, 2) { };
\node[font=\tiny] (note_3) at (-1.5, 0.5) {Assign(0, -1)};
\node[font=\tiny] (note_4) at (-1.5, 1.5) {Return([0])};
\node[circle,fill,inner sep=1pt,label=left:{\scriptsize $taut$}] (0) at (4, 0) { };
\node[circle,fill,inner sep=1pt,label=left:{\scriptsize $\%-1$}] (1) at (7, 0) { };
\node[circle,fill,inner sep=1pt,label=left:{\scriptsize $\%1$}] (2) at (5, 0) { };
\node[circle,fill,inner sep=1pt,label=left:{\scriptsize $taut$}] (3) at (4, 0) { };
\node[circle,fill,inner sep=1pt,label=left:{\scriptsize $taut$}] (4) at (4, 1) { };
\node[circle,fill,inner sep=1pt,label=left:{\scriptsize $\%0$}] (5) at (6, 1) { };
\node[circle,fill,inner sep=1pt,label=left:{\scriptsize $\%1$}] (6) at (5, 1) { };
\node[circle,fill,inner sep=1pt,label=left:{\scriptsize $\%0$}] (7) at (6, 1) { };
\node[circle,fill,inner sep=1pt,label=left:{\scriptsize $taut$}] (8) at (4, 2) { };
\node[circle,fill,inner sep=1pt,label=left:{\scriptsize $\%-1$}] (9) at (7, 2) { };
\node[circle,fill,inner sep=1pt,label=left:{\scriptsize $\%0$}] (10) at (6, 2) { };
\node[circle,fill,inner sep=1pt,label=left:{\scriptsize $taut$}] (11) at (4, 2) { };
\node[circle,fill,inner sep=1pt,label=left:{\scriptsize $\%-1$}] (12) at (7, 2) { };
\node[circle,fill,inner sep=1pt,label=left:{\scriptsize $taut$}] (21) at (4, 1) { };
\node[circle,fill,inner sep=1pt,label=left:{\scriptsize $\%-1$}] (22) at (7, 1) { };
\node[circle,fill,inner sep=1pt,label=left:{\scriptsize $\%1$}] (23) at (5, 1) { };
\node[circle,fill,inner sep=1pt,label=left:{\scriptsize $\%0$}] (24) at (6, 1) { };
\node[circle,fill,inner sep=1pt,label=left:{\scriptsize $taut$}] (25) at (4, 2) { };
\node[circle,fill,inner sep=1pt,label=left:{\scriptsize $\%0$}] (26) at (6, 2) { };
\node[circle,fill,inner sep=1pt,label=left:{\scriptsize $\%1$}] (27) at (5, 2) { };
\node[circle,fill,inner sep=1pt,label=left:{\scriptsize $\%-1$}] (28) at (7, 2) { };
\node[circle,fill,inner sep=1pt,label=left:{\scriptsize $taut$}] (29) at (4, 3) { };
\node[circle,fill,inner sep=1pt,label=left:{\scriptsize $\%-1$}] (30) at (7, 3) { };
\node[circle,fill,inner sep=1pt,label=left:{\scriptsize $\%0$}] (31) at (6, 3) { };
\node[circle,fill,inner sep=1pt,label=left:{\scriptsize $taut$}] (37) at (4, 3) { };
\node[circle,fill,inner sep=1pt,label=left:{\scriptsize $\%1$}] (38) at (5, 3) { };
\node[circle,fill,inner sep=1pt,label=left:{\scriptsize $\%-1$}] (40) at (7, 3) { };
\node[font=\tiny] (note_0) at (2.5, 0.5) {Const(0, 1.0)};
\node[font=\tiny] (note_1) at (2.5, 1.5) {Assign(-1, 0)};
\node[font=\tiny] (note_2) at (2.5, 2.5) {Call(1, [], [1])};
		\path[->] (0) edge (4);
		\path[->] (1) edge (22);
		\path[->] (2) edge (6);
		\path[->] (0) edge (5);
		\path[->] (4) edge (8);
		\path[->] (5) edge (10);
		\path[->] (6) edge (27);
		\path[->] (5) edge (9);
		\path[->] (8) edge (29);
		\path[->] (9) edge (30);
		\path[->] (10) edge (31);
		\path[->, green] (8) [bend left] edge node { } (13);
		\path[->, green] (9) [bend left] edge node { } (14);
		\path[->] (13) edge (15);
		\path[->] (14) edge (16);
		\path[->] (14) edge (17);
		\path[->] (15) edge (36);
		\path[->] (16) edge (39);
		\path[->] (17) edge (42);
		\path[->, red] (15) [bend right] edge  node { } (29);
		\path[->, red] (17) [bend right] edge  node { } (38);
		\path[->, red] (16) [bend right] edge  node { } (30);


                \end{tikzpicture}
            \end{document}
