---
source: src/tests/icfg/naive/convert.rs
expression: output

---
   \documentclass{standalone}
            \usepackage{pgf, tikz}
            \usetikzlibrary{arrows, automata}
            \begin{document}
                \begin{tikzpicture}
                    [node distance=3cm]
                    \tikzstyle{every state}=[
                        draw = black,
                        thick,
                        fill = white,
                        minimum size = 4mm
                    ]

                    \node[circle,fill,inner sep=1pt,label=left:{\scriptsize $taut$}] (0) at (0, 0) { };
\node[circle,fill,inner sep=1pt,label=left:{\scriptsize $\%1$}] (1) at (2, 0) { };
\node[circle,fill,inner sep=1pt,label=left:{\scriptsize $\%2$}] (2) at (1, 0) { };
\node[circle,fill,inner sep=1pt,label=left:{\scriptsize $taut$}] (3) at (0, 0) { };
\node[circle,fill,inner sep=1pt,label=left:{\scriptsize $taut$}] (4) at (0, 1) { };
\node[circle,fill,inner sep=1pt,label=left:{\scriptsize $\%0$}] (5) at (3, 1) { };
\node[circle,fill,inner sep=1pt,label=left:{\scriptsize $\%2$}] (6) at (1, 1) { };
\node[circle,fill,inner sep=1pt,label=left:{\scriptsize $taut$}] (7) at (0, 1) { };
\node[circle,fill,inner sep=1pt,label=left:{\scriptsize $taut$}] (8) at (0, 2) { };
\node[circle,fill,inner sep=1pt,label=left:{\scriptsize $\%0$}] (9) at (3, 2) { };
\node[circle,fill,inner sep=1pt,label=left:{\scriptsize $\%1$}] (10) at (2, 2) { };
\node[circle,fill,inner sep=1pt,label=left:{\scriptsize $\%0$}] (11) at (3, 2) { };
\node[circle,fill,inner sep=1pt,label=left:{\scriptsize $\%1$}] (12) at (2, 2) { };
\node[circle,fill,inner sep=1pt,label=left:{\scriptsize $taut$}] (13) at (0, 3) { };
\node[circle,fill,inner sep=1pt,label=left:{\scriptsize $\%0$}] (14) at (3, 3) { };
\node[circle,fill,inner sep=1pt,label=left:{\scriptsize $\%1$}] (15) at (2, 3) { };
\node[circle,fill,inner sep=1pt,label=left:{\scriptsize $\%0$}] (16) at (3, 3) { };
\node[circle,fill,inner sep=1pt,label=left:{\scriptsize $taut$}] (17) at (0, 1) { };
\node[circle,fill,inner sep=1pt,label=left:{\scriptsize $\%1$}] (18) at (2, 1) { };
\node[circle,fill,inner sep=1pt,label=left:{\scriptsize $\%2$}] (19) at (1, 1) { };
\node[circle,fill,inner sep=1pt,label=left:{\scriptsize $\%0$}] (20) at (3, 1) { };
\node[circle,fill,inner sep=1pt,label=left:{\scriptsize $taut$}] (21) at (0, 2) { };
\node[circle,fill,inner sep=1pt,label=left:{\scriptsize $\%0$}] (22) at (3, 2) { };
\node[circle,fill,inner sep=1pt,label=left:{\scriptsize $\%2$}] (23) at (1, 2) { };
\node[circle,fill,inner sep=1pt,label=left:{\scriptsize $\%1$}] (24) at (2, 2) { };
\node[circle,fill,inner sep=1pt,label=left:{\scriptsize $taut$}] (25) at (0, 3) { };
\node[circle,fill,inner sep=1pt,label=left:{\scriptsize $\%0$}] (26) at (3, 3) { };
\node[circle,fill,inner sep=1pt,label=left:{\scriptsize $\%1$}] (27) at (2, 3) { };
\node[circle,fill,inner sep=1pt,label=left:{\scriptsize $\%2$}] (28) at (1, 3) { };
\node[circle,fill,inner sep=1pt,label=left:{\scriptsize $taut$}] (29) at (0, 4) { };
\node[circle,fill,inner sep=1pt,label=left:{\scriptsize $\%0$}] (30) at (3, 4) { };
\node[circle,fill,inner sep=1pt,label=left:{\scriptsize $\%1$}] (31) at (2, 4) { };
\node[circle,fill,inner sep=1pt,label=left:{\scriptsize $\%2$}] (32) at (1, 4) { };
\node[font=\tiny] (note_0) at (-1.5, 0.5) {Const(0, 1.0)};
\node[font=\tiny] (note_1) at (-1.5, 1.5) {Const(1, 1.0)};
\node[font=\tiny] (note_2) at (-1.5, 2.5) {BinOp(2, 0, 1)};
\node[font=\tiny] (note_3) at (-1.5, 3.5) {BinOp(2, 1, 0)};
		\path[->] (0) edge (4);
		\path[->] (1) edge (18);
		\path[->] (2) edge (6);
		\path[->] (0) edge (5);
		\path[->] (4) edge (8);
		\path[->] (5) edge (9);
		\path[->] (6) edge (23);
		\path[->] (4) edge (10);
		\path[->] (8) edge (13);
		\path[->] (9) edge (14);
		\path[->] (10) edge (15);
		\path[->] (9) edge (28);
		\path[->] (10) edge (28);
		\path[->] (13) edge (29);
		\path[->] (14) edge (30);
		\path[->] (15) edge (31);
		\path[->] (15) edge (32);
		\path[->] (14) edge (32);


                \end{tikzpicture}
            \end{document}
