---
source: wasm_parser/src/lib.rs
expression: "format!(\"{:#?}\", ast)"
---
Module {
    sections: [
        Type(
            TypeSection {
                entries: [
                    FunctionSignature {
                        param_types: [],
                        return_types: [
                            I32,
                        ],
                    },
                ],
            },
        ),
        Function(
            FunctionSection {
                types: [
                    0,
                ],
            },
        ),
        Memory(
            MemorySection {
                entries: [
                    MemoryType {
                        limits: Zero(
                            17,
                        ),
                    },
                ],
            },
        ),
        Export(
            ExportSection {
                entries: [
                    ExportEntry {
                        name: "memory",
                        kind: Memory {
                            ty: 0,
                        },
                    },
                    ExportEntry {
                        name: "is_greater",
                        kind: Function {
                            ty: 0,
                        },
                    },
                ],
            },
        ),
        Code(
            CodeSection {
                entries: [
                    FunctionBody {
                        locals: [],
                        code: [
                            OP_I32_CONST(
                                -1000,
                            ),
                        ],
                    },
                ],
            },
        ),
        Custom(
            CustomSection {
                name: "producers",
            },
        ),
    ],
}
