---
source: src/tests/solver/mod.rs
expression: "format!(\"{:#?}\", sinks)"

---
[
    Taint {
        variable: "taut",
        function: "main",
        pc: 0,
    },
    Taint {
        variable: "%0",
        function: "main",
        pc: 2,
    },
    Taint {
        variable: "%0",
        function: "main",
        pc: 0,
    },
    Taint {
        variable: "%0",
        function: "main",
        pc: 1,
    },
]
