---
source: src/tests/icfg/sparse.rs
expression: output

---
   \documentclass{standalone}
            \usepackage{pgf, tikz}
            \usetikzlibrary{arrows, automata}
            \begin{document}
                \begin{tikzpicture}
                    [node distance=3cm]
                    \tikzstyle{every state}=[
                        draw = black,
                        thick,
                        fill = white,
                        minimum size = 4mm
                    ]

                    \node[circle,fill,inner sep=1pt,label=left:{\scriptsize $taut$}] (0) at (0, 0) { };
\node[circle,fill,inner sep=1pt,label=left:{\scriptsize $taut$}] (3) at (0, 0) { };
\node[circle,fill,inner sep=1pt,label=left:{\scriptsize $taut$}] (4) at (0, 0) { };
\node[circle,fill,inner sep=1pt,label=left:{\scriptsize $taut$}] (5) at (0, 1) { };
\node[circle,fill,inner sep=1pt,label=left:{\scriptsize $taut$}] (6) at (0, 2) { };
\node[circle,fill,inner sep=1pt,label=left:{\scriptsize $\%0$}] (7) at (2, 1) { };
\node[circle,fill,inner sep=1pt,label=left:{\scriptsize $\%0$}] (8) at (2, 2) { };
\node[circle,fill,inner sep=1pt,label=left:{\scriptsize $taut$}] (11) at (0, 0) { };
\node[circle,fill,inner sep=1pt,label=left:{\scriptsize $taut$}] (17) at (0, 1) { };
\node[circle,fill,inner sep=1pt,label=left:{\scriptsize $\%0$}] (23) at (2, 2) { };
\node[circle,fill,inner sep=1pt,label=left:{\scriptsize $\%1$}] (30) at (1, 2) { };
\node[font=\tiny] (note_0) at (-1.5, 0.5) {Const(0, 1.0)};
\node[font=\tiny] (note_1) at (-1.5, 1.5) {Call(mytest, [0], [1])};
\node[circle,fill,inner sep=1pt,label=left:{\scriptsize $taut$}] (1) at (4, 0) { };
\node[circle,fill,inner sep=1pt,label=left:{\scriptsize $taut$}] (2) at (4, 0) { };
\node[circle,fill,inner sep=1pt,label=left:{\scriptsize $\%5$}] (9) at (6, 0) { };
\node[circle,fill,inner sep=1pt,label=left:{\scriptsize $taut$}] (10) at (4, 0) { };
\node[circle,fill,inner sep=1pt,label=left:{\scriptsize $taut$}] (12) at (4, 0) { };
\node[circle,fill,inner sep=1pt,label=left:{\scriptsize $\%5$}] (13) at (6, 0) { };
\node[circle,fill,inner sep=1pt,label=left:{\scriptsize $taut$}] (14) at (4, 0) { };
\node[circle,fill,inner sep=1pt,label=left:{\scriptsize $taut$}] (15) at (4, 1) { };
\node[circle,fill,inner sep=1pt,label=left:{\scriptsize $taut$}] (16) at (4, 2) { };
\node[circle,fill,inner sep=1pt,label=left:{\scriptsize $\%5$}] (18) at (6, 0) { };
\node[circle,fill,inner sep=1pt,label=left:{\scriptsize $\%5$}] (19) at (6, 1) { };
\node[circle,fill,inner sep=1pt,label=left:{\scriptsize $\%5$}] (20) at (6, 2) { };
\node[circle,fill,inner sep=1pt,label=left:{\scriptsize $\%6$}] (21) at (5, 1) { };
\node[circle,fill,inner sep=1pt,label=left:{\scriptsize $\%6$}] (22) at (5, 2) { };
\node[circle,fill,inner sep=1pt,label=left:{\scriptsize $taut$}] (24) at (4, 1) { };
\node[circle,fill,inner sep=1pt,label=left:{\scriptsize $taut$}] (25) at (4, 2) { };
\node[circle,fill,inner sep=1pt,label=left:{\scriptsize $\%5$}] (26) at (6, 1) { };
\node[circle,fill,inner sep=1pt,label=left:{\scriptsize $\%5$}] (27) at (6, 2) { };
\node[circle,fill,inner sep=1pt,label=left:{\scriptsize $\%6$}] (28) at (5, 1) { };
\node[circle,fill,inner sep=1pt,label=left:{\scriptsize $\%6$}] (29) at (5, 2) { };
\node[font=\tiny] (note_2) at (2.5, 0.5) {Assign(6, 5)};
\node[font=\tiny] (note_3) at (2.5, 1.5) {Return([6])};
\node[font=\tiny] (note_4) at (2.5, 0.5) {Assign(6, 5)};
\node[font=\tiny] (note_5) at (2.5, 1.5) {Return([6])};
		\path[->, blue] (0) [loop right] edge  node { } (0);
		\path[->, blue] (0) [bend right] edge  node { } (5);
		\path[->, blue] (0) [bend right] edge  node { } (6);
		\path[->, blue] (0) [bend right] edge  node { } (7);
		\path[->, blue] (0) [bend right] edge  node { } (8);
		\path[->, blue] (1) [loop right] edge  node { } (1);
		\path[->, blue] (2) [bend right] edge  node { } (15);
		\path[->, blue] (2) [bend right] edge  node { } (16);
		\path[->, blue] (3) [bend right] edge  node { } (5);
		\path[->, blue] (9) [loop right] edge  node { } (9);
		\path[->, blue] (2) [bend right] edge  node { } (19);
		\path[->, blue] (2) [bend right] edge  node { } (20);
		\path[->, blue] (2) [bend right] edge  node { } (21);
		\path[->, blue] (2) [bend right] edge  node { } (22);
		\path[->, blue] (3) [bend right] edge  node { } (8);
		\path[->, blue] (1) [bend right] edge  node { } (15);
		\path[->, blue] (1) [bend right] edge  node { } (16);
		\path[->, blue] (9) [bend right] edge  node { } (19);
		\path[->, blue] (9) [bend right] edge  node { } (20);
		\path[->, blue] (9) [bend right] edge  node { } (21);
		\path[->, blue] (9) [bend right] edge  node { } (22);
		\path[->, blue] (0) [bend right] edge  node { } (30);


                \end{tikzpicture}
            \end{document}
