---
source: src/tests/icfg/fast.rs
expression: output

---
   \documentclass{standalone}
            \usepackage{pgf, tikz}
            \usetikzlibrary{arrows, automata}
            \begin{document}
                \begin{tikzpicture}
                    [node distance=3cm]
                    \tikzstyle{every state}=[
                        draw = black,
                        thick,
                        fill = white,
                        minimum size = 4mm
                    ]

                    \node[circle,fill,inner sep=1pt,label=left:{\scriptsize $\%0$}] (5) at (1, 1) { };
\node[circle,fill,inner sep=1pt,label=left:{\scriptsize $\%0$}] (6) at (1, 2) { };
\node[circle,fill,inner sep=1pt,label=left:{\scriptsize $taut$}] (7) at (0, 0) { };
\node[circle,fill,inner sep=1pt,label=left:{\scriptsize $taut$}] (8) at (0, 1) { };
\node[circle,fill,inner sep=1pt,label=left:{\scriptsize $taut$}] (9) at (0, 2) { };
\node[font=\tiny] at (-1.5, 0.5) {Const(0, 1.0)};
\node[font=\tiny] at (-1.5, 1.5) {Call(mytest, [0], [1])};
\node[circle,fill,inner sep=1pt,label=left:{\scriptsize $\%0$}] (0) at (5, 0) { };
\node[circle,fill,inner sep=1pt,label=left:{\scriptsize $taut$}] (1) at (4, 0) { };
\node[circle,fill,inner sep=1pt,label=left:{\scriptsize $taut$}] (2) at (4, 1) { };
\node[circle,fill,inner sep=1pt,label=left:{\scriptsize $taut$}] (3) at (4, 2) { };
\node[circle,fill,inner sep=1pt,label=left:{\scriptsize $taut$}] (4) at (4, 3) { };
\node[font=\tiny] at (2.5, 0.5) {Const(0, 2.0)};
\node[font=\tiny] at (2.5, 0.5) {Const(0, 2.0)};
\node[font=\tiny] at (2.5, 1.5) {Const(1, 3.0)};
\node[font=\tiny] at (2.5, 1.5) {Const(1, 3.0)};
\node[font=\tiny] at (2.5, 2.5) {Return([1])};
\node[font=\tiny] at (2.5, 2.5) {Return([1])};
		\path[->, blue] (0) [loop right] edge  node { } (0);
		\path[->, blue] (1) [loop right] edge  node { } (1);
		\path[->, blue] (1) [bend right] edge  node { } (2);
		\path[->, blue] (1) [bend right] edge  node { } (3);
		\path[->, blue] (1) [bend right] edge  node { } (4);
		\path[->, blue] (7) [bend right] edge  node { } (5);
		\path[->, blue] (7) [bend right] edge  node { } (6);
		\path[->, blue] (7) [loop right] edge  node { } (7);
		\path[->, blue] (7) [bend right] edge  node { } (8);
		\path[->, blue] (7) [bend right] edge  node { } (9);


                \end{tikzpicture}
            \end{document}
