---
source: src/tests/icfg/convert.rs
expression: output

---
   \documentclass{standalone}
            \usepackage{pgf, tikz}
            \usetikzlibrary{arrows, automata}
            \begin{document}
                \begin{tikzpicture}
                    [node distance=3cm]
                    \tikzstyle{every state}=[
                        draw = black,
                        thick,
                        fill = white,
                        minimum size = 4mm
                    ]

                    \node[circle,fill,inner sep=1pt,label=left:{\scriptsize $taut$}] (0) at (0, 2) { };
\node[circle,fill,inner sep=1pt,label=left:{\scriptsize $taut$}] (1) at (0, 0) { };
\node[circle,fill,inner sep=1pt,label=left:{\scriptsize $taut$}] (2) at (0, 1) { };
\node[circle,fill,inner sep=1pt,label=left:{\scriptsize $taut$}] (3) at (0, 3) { };
\node[circle,fill,inner sep=1pt,label=left:{\scriptsize $taut$}] (4) at (0, 4) { };
\node[circle,fill,inner sep=1pt,label=left:{\scriptsize $taut$}] (5) at (0, 5) { };
\node[circle,fill,inner sep=1pt,label=left:{\scriptsize $taut$}] (6) at (0, 6) { };
\node[circle,fill,inner sep=1pt,label=left:{\scriptsize $taut$}] (7) at (0, 7) { };
\node[circle,fill,inner sep=1pt,label=left:{\scriptsize $taut$}] (8) at (0, 8) { };
\node[circle,fill,inner sep=1pt,label=left:{\scriptsize $taut$}] (9) at (0, 9) { };
\node[circle,fill,inner sep=1pt,label=left:{\scriptsize $taut$}] (10) at (0, 10) { };
\node[circle,fill,inner sep=1pt,label=left:{\scriptsize $taut$}] (11) at (0, 11) { };
\node[circle,fill,inner sep=1pt,label=left:{\scriptsize $\%1$}] (12) at (4, 3) { };
\node[circle,fill,inner sep=1pt,label=left:{\scriptsize $@0$}] (13) at (1, 4) { };
\node[circle,fill,inner sep=1pt,label=left:{\scriptsize $\%1$}] (14) at (4, 4) { };
\node[circle,fill,inner sep=1pt,label=left:{\scriptsize $@0$}] (15) at (1, 5) { };
\node[circle,fill,inner sep=1pt,label=left:{\scriptsize $\%1$}] (16) at (4, 5) { };
\node[circle,fill,inner sep=1pt,label=left:{\scriptsize $\%5$}] (17) at (3, 6) { };
\node[circle,fill,inner sep=1pt,label=left:{\scriptsize $@0$}] (18) at (1, 6) { };
\node[circle,fill,inner sep=1pt,label=left:{\scriptsize $\%1$}] (19) at (4, 6) { };
\node[circle,fill,inner sep=1pt,label=left:{\scriptsize $\%5$}] (20) at (3, 7) { };
\node[circle,fill,inner sep=1pt,label=left:{\scriptsize $@0$}] (21) at (1, 7) { };
\node[circle,fill,inner sep=1pt,label=left:{\scriptsize $\%1$}] (22) at (4, 7) { };
\node[circle,fill,inner sep=1pt,label=left:{\scriptsize $\%5$}] (23) at (3, 8) { };
\node[circle,fill,inner sep=1pt,label=left:{\scriptsize $\%7$}] (24) at (2, 8) { };
\node[circle,fill,inner sep=1pt,label=left:{\scriptsize $@0$}] (25) at (1, 8) { };
\node[circle,fill,inner sep=1pt,label=left:{\scriptsize $\%1$}] (26) at (4, 8) { };
\node[circle,fill,inner sep=1pt,label=left:{\scriptsize $\%5$}] (27) at (3, 9) { };
\node[circle,fill,inner sep=1pt,label=left:{\scriptsize $@0$}] (28) at (1, 9) { };
\node[circle,fill,inner sep=1pt,label=left:{\scriptsize $\%1$}] (29) at (4, 9) { };
\node[circle,fill,inner sep=1pt,label=left:{\scriptsize $\%5$}] (30) at (3, 10) { };
\node[circle,fill,inner sep=1pt,label=left:{\scriptsize $@0$}] (31) at (1, 10) { };
\node[circle,fill,inner sep=1pt,label=left:{\scriptsize $\%1$}] (32) at (4, 10) { };
\node[circle,fill,inner sep=1pt,label=left:{\scriptsize $\%5$}] (33) at (3, 11) { };
\node[circle,fill,inner sep=1pt,label=left:{\scriptsize $@0$}] (34) at (1, 11) { };
\node[circle,fill,inner sep=1pt,label=left:{\scriptsize $\%1$}] (35) at (4, 11) { };
\node[font=\tiny] (note_0) at (-1.5, 0.5) {Block(0)};
\node[font=\tiny] (note_1) at (-1.5, 1.5) {Const(0, 8.0)};
\node[font=\tiny] (note_2) at (-1.5, 2.5) {Const(1, -12345.0)};
\node[font=\tiny] (note_3) at (-1.5, 3.5) {Store(1, 0.0, 0)};
\node[font=\tiny] (note_4) at (-1.5, 4.5) {Const(4, 8.0)};
\node[font=\tiny] (note_5) at (-1.5, 5.5) {Load(5, 0.0, 4)};
\node[font=\tiny] (note_6) at (-1.5, 6.5) {Const(6, 8.0)};
\node[font=\tiny] (note_7) at (-1.5, 7.5) {Load(7, 0.0, 6)};
\node[font=\tiny] (note_8) at (-1.5, 8.5) {Kill(7)};
\node[font=\tiny] (note_9) at (-1.5, 9.5) {Kill(6)};
\node[font=\tiny] (note_10) at (-1.5, 10.5) {Return([])};
		\path[->, blue] (0) [loop right] edge  node { } (0);
		\path[->, blue] (0) [bend right] edge  node { } (1);
		\path[->, blue] (0) [bend right] edge  node { } (2);
		\path[->, blue] (0) [bend right] edge  node { } (3);
		\path[->, blue] (0) [bend right] edge  node { } (4);
		\path[->, blue] (0) [bend right] edge  node { } (5);
		\path[->, blue] (0) [bend right] edge  node { } (6);
		\path[->, blue] (0) [bend right] edge  node { } (7);
		\path[->, blue] (0) [bend right] edge  node { } (8);
		\path[->, blue] (0) [bend right] edge  node { } (9);
		\path[->, blue] (0) [bend right] edge  node { } (10);
		\path[->, blue] (0) [bend right] edge  node { } (11);
		\path[->, blue] (0) [bend right] edge  node { } (12);
		\path[->, blue] (0) [bend right] edge  node { } (13);
		\path[->, blue] (0) [bend right] edge  node { } (14);
		\path[->, blue] (0) [bend right] edge  node { } (15);
		\path[->, blue] (0) [bend right] edge  node { } (16);
		\path[->, blue] (0) [bend right] edge  node { } (17);
		\path[->, blue] (0) [bend right] edge  node { } (18);
		\path[->, blue] (0) [bend right] edge  node { } (19);
		\path[->, blue] (0) [bend right] edge  node { } (20);
		\path[->, blue] (0) [bend right] edge  node { } (21);
		\path[->, blue] (0) [bend right] edge  node { } (22);
		\path[->, blue] (0) [bend right] edge  node { } (23);
		\path[->, blue] (0) [bend right] edge  node { } (24);
		\path[->, blue] (0) [bend right] edge  node { } (25);
		\path[->, blue] (0) [bend right] edge  node { } (26);
		\path[->, blue] (0) [bend right] edge  node { } (27);
		\path[->, blue] (0) [bend right] edge  node { } (28);
		\path[->, blue] (0) [bend right] edge  node { } (29);
		\path[->, blue] (0) [bend right] edge  node { } (30);
		\path[->, blue] (0) [bend right] edge  node { } (31);
		\path[->, blue] (0) [bend right] edge  node { } (32);
		\path[->, blue] (0) [bend right] edge  node { } (33);
		\path[->, blue] (0) [bend right] edge  node { } (34);
		\path[->, blue] (0) [bend right] edge  node { } (35);


                \end{tikzpicture}
            \end{document}
