---
source: src/tests/icfg/convert.rs
expression: output

---
   \documentclass{standalone}
            \usepackage{pgf, tikz}
            \usetikzlibrary{arrows, automata}
            \begin{document}
                \begin{tikzpicture}
                    [node distance=3cm]
                    \tikzstyle{every state}=[
                        draw = black,
                        thick,
                        fill = white,
                        minimum size = 4mm
                    ]

                    \node[circle,fill,inner sep=1pt,label=left:\%-1] (34) at (1, 3) { };
\node[circle,fill,inner sep=1pt,label=left:\%2] (33) at (3, 3) { };
\node[circle,fill,inner sep=1pt,label=left:\%0] (26) at (2, 3) { };
\node[circle,fill,inner sep=1pt,label=left:\%0] (20) at (2, 2) { };
\node[circle,fill,inner sep=1pt,label=left:\%-1] (19) at (1, 2) { };
\node[circle,fill,inner sep=1pt,label=left:taut] (10) at (0, 2) { };
\node[circle,fill,inner sep=1pt,label=left:\%0] (9) at (2, 1) { };
\node[circle,fill,inner sep=1pt,label=left:taut] (7) at (0, 3) { };
\node[circle,fill,inner sep=1pt,label=left:taut] (6) at (0, 2) { };
\node[circle,fill,inner sep=1pt,label=left:taut] (5) at (0, 1) { };
\node[circle,fill,inner sep=1pt,label=left:taut] (4) at (0, 0) { };
\node[circle,fill,inner sep=1pt,label=left:taut] (0) at (0, 0) { };
\node[font=\tiny] (note_0) at (-1.5, 0.5) {Const(0, 1.0)};
\node[font=\tiny] (note_1) at (-1.5, 1.5) {Assign(-1, 0)};
\node[font=\tiny] (note_2) at (-1.5, 2.5) {Call(mytest, [], [2])};
\node[circle,fill,inner sep=1pt,label=left:\%-1] (29) at (6, 3) { };
\node[circle,fill,inner sep=1pt,label=left:\%-1] (28) at (6, 2) { };
\node[circle,fill,inner sep=1pt,label=left:\%-1] (27) at (6, 1) { };
\node[circle,fill,inner sep=1pt,label=left:taut] (25) at (5, 3) { };
\node[circle,fill,inner sep=1pt,label=left:taut] (24) at (5, 2) { };
\node[circle,fill,inner sep=1pt,label=left:taut] (23) at (5, 1) { };
\node[circle,fill,inner sep=1pt,label=left:taut] (22) at (5, 0) { };
\node[circle,fill,inner sep=1pt,label=left:taut] (21) at (5, 3) { };
\node[circle,fill,inner sep=1pt,label=left:taut] (18) at (5, 3) { };
\node[circle,fill,inner sep=1pt,label=left:taut] (17) at (5, 2) { };
\node[circle,fill,inner sep=1pt,label=left:taut] (16) at (5, 1) { };
\node[circle,fill,inner sep=1pt,label=left:taut] (15) at (5, 0) { };
\node[circle,fill,inner sep=1pt,label=left:\%0] (13) at (7, 0) { };
\node[circle,fill,inner sep=1pt,label=left:\%-1] (12) at (6, 0) { };
\node[circle,fill,inner sep=1pt,label=left:taut] (11) at (5, 0) { };
\node[font=\tiny] (note_3) at (3.5, 0.5) {Const(0, 2.0)};
\node[font=\tiny] (note_4) at (3.5, 1.5) {Const(1, 3.0)};
\node[font=\tiny] (note_5) at (3.5, 2.5) {Return([-1])};
\node[font=\tiny] (note_6) at (3.5, 0.5) {Const(0, 2.0)};
\node[font=\tiny] (note_7) at (3.5, 1.5) {Const(1, 3.0)};
\node[font=\tiny] (note_8) at (3.5, 2.5) {Return([-1])};
		\path[->, blue] (0) [loop right] edge  node { } (0);
		\path[->, blue] (0) [bend right] edge  node { } (5);
		\path[->, blue] (0) [bend right] edge  node { } (6);
		\path[->, blue] (0) [bend right] edge  node { } (7);
		\path[->, blue] (0) [bend right] edge  node { } (9);
		\path[->, blue] (11) [bend right] edge  node { } (15);
		\path[->, blue] (11) [bend right] edge  node { } (16);
		\path[->, blue] (11) [bend right] edge  node { } (17);
		\path[->, blue] (11) [bend right] edge  node { } (18);
		\path[->, blue] (13) [loop right] edge  node { } (13);
		\path[->, blue] (0) [bend right] edge  node { } (19);
		\path[->, blue] (0) [bend right] edge  node { } (20);
		\path[->, blue] (12) [loop right] edge  node { } (12);
		\path[->, blue] (0) [bend right] edge  node { } (26);
		\path[->, blue] (12) [bend right] edge  node { } (27);
		\path[->, blue] (12) [bend right] edge  node { } (28);
		\path[->, blue] (12) [bend right] edge  node { } (29);
		\path[->, blue] (0) [bend right] edge  node { } (33);
		\path[->, blue] (0) [bend right] edge  node { } (34);
		\path[->] (0) edge (4);
		\path[->] (4) edge (5);
		\path[->] (5) edge (6);
		\path[->] (6) edge (7);
		\path[->] (0) edge (9);
		\path[->] (5) edge (10);
		\path[->] (11) edge (15);
		\path[->] (15) edge (16);
		\path[->] (16) edge (17);
		\path[->] (17) edge (18);
		\path[->] (9) edge (19);
		\path[->] (9) edge (20);
		\path[->] (17) edge (21);
		\path[->] (11) edge (22);
		\path[->] (22) edge (23);
		\path[->] (23) edge (24);
		\path[->] (24) edge (25);
		\path[->] (20) edge node { } (26);
		\path[->] (12) edge (27);
		\path[->] (27) edge (28);
		\path[->] (28) edge (29);


                \end{tikzpicture}
            \end{document}
