---
source: src/tests/icfg/convert.rs
expression: output

---
   \documentclass{standalone}
            \usepackage{pgf, tikz}
            \usetikzlibrary{arrows, automata}
            \begin{document}
                \begin{tikzpicture}
                    [node distance=3cm]
                    \tikzstyle{every state}=[
                        draw = black,
                        thick,
                        fill = white,
                        minimum size = 4mm
                    ]

                    \node[circle,fill,inner sep=1pt,label=left:{\scriptsize $taut$}] (0) at (0, 0) { };
\node[circle,fill,inner sep=1pt,label=left:{\scriptsize $taut$}] (1) at (0, 1) { };
\node[circle,fill,inner sep=1pt,label=left:{\scriptsize $taut$}] (3) at (0, 1) { };
\node[circle,fill,inner sep=1pt,label=left:{\scriptsize $taut$}] (5) at (0, 0) { };
\node[circle,fill,inner sep=1pt,label=left:{\scriptsize $taut$}] (6) at (0, 1) { };
\node[circle,fill,inner sep=1pt,label=left:{\scriptsize $taut$}] (8) at (0, 0) { };
\node[circle,fill,inner sep=1pt,label=left:{\scriptsize $taut$}] (9) at (0, 1) { };
\node[circle,fill,inner sep=1pt,label=left:{\scriptsize $taut$}] (11) at (0, 0) { };
\node[circle,fill,inner sep=1pt,label=left:{\scriptsize $taut$}] (12) at (0, 1) { };
\node[circle,fill,inner sep=1pt,label=left:{\scriptsize $taut$}] (14) at (0, 0) { };
\node[circle,fill,inner sep=1pt,label=left:{\scriptsize $taut$}] (15) at (0, 1) { };
\node[circle,fill,inner sep=1pt,label=left:{\scriptsize $taut$}] (17) at (0, 0) { };
\node[circle,fill,inner sep=1pt,label=left:{\scriptsize $taut$}] (18) at (0, 1) { };
\node[circle,fill,inner sep=1pt,label=left:{\scriptsize $taut$}] (19) at (0, 2) { };
\node[circle,fill,inner sep=1pt,label=left:{\scriptsize $taut$}] (20) at (0, 3) { };
\node[circle,fill,inner sep=1pt,label=left:{\scriptsize $taut$}] (21) at (0, 4) { };
\node[circle,fill,inner sep=1pt,label=left:{\scriptsize $taut$}] (22) at (0, 5) { };
\node[circle,fill,inner sep=1pt,label=left:{\scriptsize $taut$}] (23) at (0, 6) { };
\node[circle,fill,inner sep=1pt,label=left:{\scriptsize $taut$}] (24) at (0, 1) { };
\node[circle,fill,inner sep=1pt,label=left:{\scriptsize $taut$}] (25) at (0, 2) { };
\node[circle,fill,inner sep=1pt,label=left:{\scriptsize $\%1$}] (26) at (1, 2) { };
\node[circle,fill,inner sep=1pt,label=left:{\scriptsize $taut$}] (27) at (0, 3) { };
\node[circle,fill,inner sep=1pt,label=left:{\scriptsize $\%1$}] (28) at (1, 4) { };
\node[circle,fill,inner sep=1pt,label=left:{\scriptsize $taut$}] (29) at (0, 4) { };
\node[circle,fill,inner sep=1pt,label=left:{\scriptsize $\%1$}] (30) at (1, 6) { };
\node[circle,fill,inner sep=1pt,label=left:{\scriptsize $taut$}] (31) at (0, 6) { };
\node[circle,fill,inner sep=1pt,label=left:{\scriptsize $\%1$}] (34) at (1, 5) { };
\node[circle,fill,inner sep=1pt,label=left:{\scriptsize $taut$}] (40) at (0, 5) { };
\node[circle,fill,inner sep=1pt,label=left:{\scriptsize $\%1$}] (48) at (1, 3) { };
\node[circle,fill,inner sep=1pt,label=left:{\scriptsize $\%-1$}] (49) at (2, 3) { };
\node[circle,fill,inner sep=1pt,label=left:{\scriptsize $\%-1$}] (50) at (2, 4) { };
\node[circle,fill,inner sep=1pt,label=left:{\scriptsize $\%-1$}] (51) at (2, 5) { };
\node[circle,fill,inner sep=1pt,label=left:{\scriptsize $\%-1$}] (52) at (2, 6) { };
\node[font=\tiny] (note_0) at (-1.5, 0.5) {Block(1)};
\node[font=\tiny] (note_1) at (-1.5, 1.5) {Const(1, 1.0)};
\node[font=\tiny] (note_2) at (-1.5, 2.5) {Call(0, [1], [])};
\node[font=\tiny] (note_3) at (-1.5, 3.5) {Assign(2, 0)};
\node[font=\tiny] (note_4) at (-1.5, 4.5) {Assign(-2, 2)};
\node[font=\tiny] (note_5) at (-1.5, 5.5) {Return([])};
\node[circle,fill,inner sep=1pt,label=left:{\scriptsize $taut$}] (2) at (7, 0) { };
\node[circle,fill,inner sep=1pt,label=left:{\scriptsize $\%0$}] (4) at (9, 0) { };
\node[circle,fill,inner sep=1pt,label=left:{\scriptsize $\%0$}] (7) at (9, 0) { };
\node[circle,fill,inner sep=1pt,label=left:{\scriptsize $\%0$}] (10) at (9, 0) { };
\node[circle,fill,inner sep=1pt,label=left:{\scriptsize $\%0$}] (13) at (9, 0) { };
\node[circle,fill,inner sep=1pt,label=left:{\scriptsize $\%0$}] (16) at (9, 0) { };
\node[circle,fill,inner sep=1pt,label=left:{\scriptsize $\%0$}] (32) at (9, 1) { };
\node[circle,fill,inner sep=1pt,label=left:{\scriptsize $\%1$}] (33) at (8, 2) { };
\node[circle,fill,inner sep=1pt,label=left:{\scriptsize $taut$}] (35) at (7, 0) { };
\node[circle,fill,inner sep=1pt,label=left:{\scriptsize $taut$}] (36) at (7, 1) { };
\node[circle,fill,inner sep=1pt,label=left:{\scriptsize $taut$}] (37) at (7, 2) { };
\node[circle,fill,inner sep=1pt,label=left:{\scriptsize $taut$}] (38) at (7, 3) { };
\node[circle,fill,inner sep=1pt,label=left:{\scriptsize $taut$}] (39) at (7, 4) { };
\node[circle,fill,inner sep=1pt,label=left:{\scriptsize $\%0$}] (41) at (9, 2) { };
\node[circle,fill,inner sep=1pt,label=left:{\scriptsize $\%-1$}] (42) at (10, 3) { };
\node[circle,fill,inner sep=1pt,label=left:{\scriptsize $\%1$}] (43) at (8, 3) { };
\node[circle,fill,inner sep=1pt,label=left:{\scriptsize $\%0$}] (44) at (9, 3) { };
\node[circle,fill,inner sep=1pt,label=left:{\scriptsize $\%-1$}] (45) at (10, 4) { };
\node[circle,fill,inner sep=1pt,label=left:{\scriptsize $\%1$}] (46) at (8, 4) { };
\node[circle,fill,inner sep=1pt,label=left:{\scriptsize $\%0$}] (47) at (9, 4) { };
\node[circle,fill,inner sep=1pt,label=left:{\scriptsize $\%0$}] (53) at (9, 0) { };
\node[font=\tiny] (note_6) at (5.5, 0.5) {Block(0)};
\node[font=\tiny] (note_7) at (5.5, 1.5) {Assign(1, 0)};
\node[font=\tiny] (note_8) at (5.5, 2.5) {Assign(-1, 1)};
\node[font=\tiny] (note_9) at (5.5, 3.5) {Return([])};
\node[font=\tiny] (note_10) at (5.5, 0.5) {Block(0)};
\node[font=\tiny] (note_11) at (5.5, 1.5) {Assign(1, 0)};
\node[font=\tiny] (note_12) at (5.5, 2.5) {Assign(-1, 1)};
\node[font=\tiny] (note_13) at (5.5, 3.5) {Return([])};
\node[font=\tiny] (note_14) at (5.5, 0.5) {Block(0)};
\node[font=\tiny] (note_15) at (5.5, 1.5) {Assign(1, 0)};
\node[font=\tiny] (note_16) at (5.5, 2.5) {Assign(-1, 1)};
\node[font=\tiny] (note_17) at (5.5, 3.5) {Return([])};
		\path[->, blue] (0) [loop right] edge  node { } (0);
		\path[->, blue] (0) [bend right] edge  node { } (1);
		\path[->, blue] (0) [bend right] edge  node { } (19);
		\path[->, blue] (0) [bend right] edge  node { } (20);
		\path[->, blue] (0) [bend right] edge  node { } (21);
		\path[->, blue] (0) [bend right] edge  node { } (22);
		\path[->, blue] (0) [bend right] edge  node { } (23);
		\path[->, blue] (1) [loop right] edge  node { } (1);
		\path[->, blue] (1) [bend right] edge  node { } (19);
		\path[->, blue] (1) [bend right] edge  node { } (26);
		\path[->, blue] (2) [loop right] edge  node { } (2);
		\path[->, blue] (2) [bend right] edge  node { } (36);
		\path[->, blue] (2) [bend right] edge  node { } (37);
		\path[->, blue] (2) [bend right] edge  node { } (38);
		\path[->, blue] (2) [bend right] edge  node { } (39);
		\path[->, blue] (4) [loop right] edge  node { } (4);
		\path[->, blue] (0) [bend right] edge  node { } (48);
		\path[->, blue] (1) [bend right] edge  node { } (20);
		\path[->, blue] (4) [bend right] edge  node { } (32);
		\path[->, blue] (0) [bend right] edge  node { } (28);
		\path[->, blue] (1) [bend right] edge  node { } (21);
		\path[->, blue] (4) [bend right] edge  node { } (33);
		\path[->, blue] (4) [bend right] edge  node { } (41);
		\path[->, blue] (0) [bend right] edge  node { } (34);
		\path[->, blue] (1) [bend right] edge  node { } (22);
		\path[->, blue] (4) [bend right] edge  node { } (42);
		\path[->, blue] (4) [bend right] edge  node { } (43);
		\path[->, blue] (4) [bend right] edge  node { } (44);
		\path[->, blue] (0) [bend right] edge  node { } (30);
		\path[->, blue] (1) [bend right] edge  node { } (23);
		\path[->, blue] (4) [bend right] edge  node { } (45);
		\path[->, blue] (4) [bend right] edge  node { } (46);
		\path[->, blue] (4) [bend right] edge  node { } (47);
		\path[->, blue] (1) [bend right] edge  node { } (49);
		\path[->, blue] (1) [bend right] edge  node { } (50);
		\path[->, blue] (1) [bend right] edge  node { } (51);
		\path[->, blue] (1) [bend right] edge  node { } (52);


                \end{tikzpicture}
            \end{document}
