---
source: src/tests/icfg/sparse.rs
expression: output

---
(3) -> (11)
