---
source: src/tests/icfg/sparse.rs
expression: output

---
   \documentclass{standalone}
            \usepackage{pgf, tikz}
            \usetikzlibrary{arrows, automata}
            \begin{document}
                \begin{tikzpicture}
                    [node distance=3cm]
                    \tikzstyle{every state}=[
                        draw = black,
                        thick,
                        fill = white,
                        minimum size = 4mm
                    ]

                    \node[circle,fill,inner sep=1pt,label=left:{\scriptsize $taut$}] (0) at (0, 0) { };
\node[circle,fill,inner sep=1pt,label=left:{\scriptsize $taut$}] (1) at (0, 9) { };
\node[circle,fill,inner sep=1pt,label=left:{\scriptsize $taut$}] (2) at (0, 9) { };
\node[circle,fill,inner sep=1pt,label=left:{\scriptsize $taut$}] (3) at (0, 9) { };
\node[circle,fill,inner sep=1pt,label=left:{\scriptsize $taut$}] (4) at (0, 10) { };
\node[circle,fill,inner sep=1pt,label=left:{\scriptsize $\%0$}] (5) at (1, 2) { };
\node[circle,fill,inner sep=1pt,label=left:{\scriptsize $\%0$}] (6) at (1, 2) { };
\node[circle,fill,inner sep=1pt,label=left:{\scriptsize $taut$}] (7) at (0, 10) { };
\node[circle,fill,inner sep=1pt,label=left:{\scriptsize $taut$}] (8) at (0, 10) { };
\node[circle,fill,inner sep=1pt,label=left:{\scriptsize $taut$}] (9) at (0, 10) { };
\node[circle,fill,inner sep=1pt,label=left:{\scriptsize $\%0$}] (10) at (1, 10) { };
\node[circle,fill,inner sep=1pt,label=left:{\scriptsize $\%0$}] (11) at (1, 10) { };
\node[circle,fill,inner sep=1pt,label=left:{\scriptsize $\%0$}] (12) at (1, 10) { };
\node[circle,fill,inner sep=1pt,label=left:{\scriptsize $\%0$}] (13) at (1, 10) { };
\node[circle,fill,inner sep=1pt,label=left:{\scriptsize $taut$}] (14) at (0, 9) { };
\node[circle,fill,inner sep=1pt,label=left:{\scriptsize $taut$}] (15) at (0, 9) { };
\node[circle,fill,inner sep=1pt,label=left:{\scriptsize $taut$}] (16) at (0, 9) { };
\node[circle,fill,inner sep=1pt,label=left:{\scriptsize $taut$}] (17) at (0, 10) { };
\node[circle,fill,inner sep=1pt,label=left:{\scriptsize $\%0$}] (18) at (1, 2) { };
\node[circle,fill,inner sep=1pt,label=left:{\scriptsize $\%0$}] (19) at (1, 2) { };
\node[font=\tiny] (note_0) at (-1.5, 0.5) {Block(0)};
\node[font=\tiny] (note_1) at (-1.5, 1.5) {Const(0, 1.0)};
\node[font=\tiny] (note_2) at (-1.5, 2.5) {Const(1, 2.0)};
\node[font=\tiny] (note_3) at (-1.5, 3.5) {Const(2, 3.0)};
\node[font=\tiny] (note_4) at (-1.5, 4.5) {Block(1)};
\node[font=\tiny] (note_5) at (-1.5, 5.5) {Const(1, 2.0)};
\node[font=\tiny] (note_6) at (-1.5, 6.5) {Const(2, 3.0)};
\node[font=\tiny] (note_7) at (-1.5, 7.5) {Block(2)};
\node[font=\tiny] (note_8) at (-1.5, 8.5) {Const(2, 4.0)};
\node[font=\tiny] (note_9) at (-1.5, 9.5) {Table([0, 1, 2, 2])};
		\path[->, blue] (0) [loop right] edge  node { } (0);
		\path[->, blue] (0) [bend right] edge  node { } (1);
		\path[->, blue] (0) [bend right] edge  node { } (2);
		\path[->, blue] (0) [bend right] edge  node { } (3);
		\path[->, blue] (0) [bend right] edge  node { } (4);
		\path[->, blue] (0) [bend right] edge  node { } (5);
		\path[->, blue] (0) [bend right] edge  node { } (6);
		\path[->, blue] (0) [bend right] edge  node { } (7);
		\path[->, blue] (0) [bend right] edge  node { } (8);
		\path[->, blue] (0) [bend right] edge  node { } (9);
		\path[->, blue] (0) [bend right] edge  node { } (10);
		\path[->, blue] (0) [bend right] edge  node { } (11);
		\path[->, blue] (0) [bend right] edge  node { } (12);
		\path[->, blue] (0) [bend right] edge  node { } (13);
		\path[->] (0) edge (1);
		\path[->] (0) edge (2);
		\path[->] (0) edge (3);
		\path[->] (0) edge (4);
		\path[->] (0) edge (5);
		\path[->] (0) edge (6);


                \end{tikzpicture}
            \end{document}
