---
source: ide/src/tests/icfg/convert.rs
expression: "format!(\"{:#?}\", res)"

---
SubGraph {
    vars: [
        Variable {
            id: "taut",
            last_fact: Fact {
                id: 2,
                note: "<b>taut</b> at 1<br/>Assign(\"%0\", \"%1\")",
            },
        },
    ],
    facts: [
        Fact {
            id: 0,
            note: "",
        },
        Fact {
            id: 1,
            note: "<b>taut</b> at 0<br/>Assign(\"%0\", \"%1\")",
        },
        Fact {
            id: 2,
            note: "<b>taut</b> at 1<br/>Assign(\"%0\", \"%1\")",
        },
    ],
    edges: [
        Normal {
            from: Fact {
                id: 0,
                note: "",
            },
            to: Fact {
                id: 1,
                note: "<b>taut</b> at 0<br/>Assign(\"%0\", \"%1\")",
            },
        },
        Normal {
            from: Fact {
                id: 1,
                note: "<b>taut</b> at 0<br/>Assign(\"%0\", \"%1\")",
            },
            to: Fact {
                id: 2,
                note: "<b>taut</b> at 1<br/>Assign(\"%0\", \"%1\")",
            },
        },
    ],
    counter: Counter {
        counter: 3,
    },
    epoch: Counter {
        counter: 2,
    },
}
