---
source: src/tests/icfg/convert.rs
expression: output

---
   \documentclass{standalone}
            \usepackage{pgf, tikz}
            \usetikzlibrary{arrows, automata}
            \begin{document}
                \begin{tikzpicture}
                    [node distance=3cm]
                    \tikzstyle{every state}=[
                        draw = black,
                        thick,
                        fill = white,
                        minimum size = 4mm
                    ]

                    \node[circle,fill,inner sep=1pt,label=left:taut] (0) at (0, 0) {};
\node[circle,fill,inner sep=1pt,label=left:\%0] (1) at (1, 0) {};
\node[circle,fill,inner sep=1pt,label=left:\%1] (2) at (2, 0) {};
\node[circle,fill,inner sep=1pt,label=left:\%2] (3) at (3, 0) {};
\node[circle,fill,inner sep=1pt,label=left:taut] (4) at (0, 1) {};
\node[circle,fill,inner sep=1pt,label=left:\%0] (5) at (1, 1) {};
\node[circle,fill,inner sep=1pt,label=left:\%1] (6) at (2, 1) {};
\node[circle,fill,inner sep=1pt,label=left:\%2] (7) at (3, 1) {};
\node[circle,fill,inner sep=1pt,label=left:taut] (8) at (0, 2) {};
\node[circle,fill,inner sep=1pt,label=left:\%0] (9) at (1, 2) {};
\node[circle,fill,inner sep=1pt,label=left:\%1] (10) at (2, 2) {};
\node[circle,fill,inner sep=1pt,label=left:\%2] (11) at (3, 2) {};
\node[circle,fill,inner sep=1pt,label=left:taut] (12) at (0, 3) {};
\node[circle,fill,inner sep=1pt,label=left:\%0] (13) at (1, 3) {};
\node[circle,fill,inner sep=1pt,label=left:\%1] (14) at (2, 3) {};
\node[circle,fill,inner sep=1pt,label=left:\%2] (15) at (3, 3) {};
\node[circle,fill,inner sep=1pt,label=left:taut] (16) at (0, 4) {};
\node[circle,fill,inner sep=1pt,label=left:\%0] (17) at (1, 4) {};
\node[circle,fill,inner sep=1pt,label=left:\%1] (18) at (2, 4) {};
\node[circle,fill,inner sep=1pt,label=left:\%2] (19) at (3, 4) {};
\node[circle,fill,inner sep=1pt,label=left:taut] (20) at (0, 5) {};
\node[circle,fill,inner sep=1pt,label=left:\%0] (21) at (1, 5) {};
\node[circle,fill,inner sep=1pt,label=left:\%1] (22) at (2, 5) {};
\node[circle,fill,inner sep=1pt,label=left:\%2] (23) at (3, 5) {};
\node[circle,fill,inner sep=1pt,label=left:taut] (24) at (0, 6) {};
\node[circle,fill,inner sep=1pt,label=left:\%0] (25) at (1, 6) {};
\node[circle,fill,inner sep=1pt,label=left:\%1] (26) at (2, 6) {};
\node[circle,fill,inner sep=1pt,label=left:\%2] (27) at (3, 6) {};
\node[font=\tiny] (note_0) at (-1.5, 0.5) {Block(0)};
\node[font=\tiny] (note_1) at (-1.5, 1.5) {Const(0, 1.0)};
\node[font=\tiny] (note_2) at (-1.5, 2.5) {Conditional(1, true)};
\node[font=\tiny] (note_3) at (-1.5, 3.5) {Jump(0)};
\node[font=\tiny] (note_4) at (-1.5, 4.5) {Const(1, 2.0)};
\node[font=\tiny] (note_5) at (-1.5, 5.5) {Const(2, 3.0)};
		\path[->] (0) edge (4);
		\path[->] (1) edge (5);
		\path[->] (2) edge (6);
		\path[->] (3) edge (7);
		\path[->] (4) edge (9);
		\path[->] (4) edge (8);
		\path[->] (6) edge (10);
		\path[->] (7) edge (11);
		\path[->] (8) edge (12);
		\path[->] (9) edge (13);
		\path[->] (10) edge (14);
		\path[->] (11) edge (15);
		\path[->, bend right] (12) edge (16);
		\path[->, bend right] (13) edge (17);
		\path[->, bend right] (14) edge (18);
		\path[->, bend right] (15) edge (19);
		\path[->, bend right] (12) edge (0);
		\path[->, bend right] (13) edge (1);
		\path[->, bend right] (14) edge (2);
		\path[->, bend right] (15) edge (3);
		\path[->] (16) edge (22);
		\path[->] (16) edge (20);
		\path[->] (17) edge (21);
		\path[->] (19) edge (23);
		\path[->] (20) edge (27);
		\path[->] (20) edge (24);
		\path[->] (21) edge (25);
		\path[->] (22) edge (26);


                \end{tikzpicture}
            \end{document}
