---
source: src/tests/wasm.rs
expression: "format!(\"{:#?}\", engine)"
---
Engine {
    module: ModuleInstance {
        start: 0,
        code: [
            FunctionBody {
                locals: [
                    LocalEntry {
                        count: 1,
                        ty: I32,
                    },
                ],
                code: [
                    OP_I32_CONST(
                        0,
                    ),
                    OP_LOCAL_SET(
                        0,
                    ),
                    OP_BLOCK(
                        ValueType(
                            I32,
                        ),
                        CodeBlock {
                            id: 3,
                            instructions: [
                                OP_LOOP(
                                    ValueType(
                                        I32,
                                    ),
                                    CodeBlock {
                                        id: 2,
                                        instructions: [
                                            OP_LOCAL_GET(
                                                0,
                                            ),
                                            OP_I32_CONST(
                                                1,
                                            ),
                                            OP_I32_ADD,
                                            OP_LOCAL_SET(
                                                0,
                                            ),
                                            OP_LOCAL_GET(
                                                0,
                                            ),
                                            OP_I32_CONST(
                                                5,
                                            ),
                                            OP_I32_EQ,
                                            OP_IF(
                                                Empty,
                                                CodeBlock {
                                                    id: 1,
                                                    instructions: [
                                                        OP_LOCAL_GET(
                                                            0,
                                                        ),
                                                        OP_BR(
                                                            2,
                                                        ),
                                                    ],
                                                },
                                            ),
                                            OP_BR(
                                                0,
                                            ),
                                        ],
                                    },
                                ),
                            ],
                        },
                    ),
                ],
            },
            FunctionBody {
                locals: [
                    LocalEntry {
                        count: 1,
                        ty: I32,
                    },
                ],
                code: [
                    OP_I32_CONST(
                        0,
                    ),
                    OP_LOCAL_SET(
                        0,
                    ),
                    OP_BLOCK(
                        ValueType(
                            I32,
                        ),
                        CodeBlock {
                            id: 7,
                            instructions: [
                                OP_LOOP(
                                    ValueType(
                                        I32,
                                    ),
                                    CodeBlock {
                                        id: 6,
                                        instructions: [
                                            OP_LOCAL_GET(
                                                0,
                                            ),
                                            OP_I32_CONST(
                                                1,
                                            ),
                                            OP_I32_ADD,
                                            OP_LOCAL_SET(
                                                0,
                                            ),
                                            OP_LOCAL_GET(
                                                0,
                                            ),
                                            OP_I32_CONST(
                                                5,
                                            ),
                                            OP_I32_EQ,
                                            OP_IF(
                                                Empty,
                                                CodeBlock {
                                                    id: 4,
                                                    instructions: [
                                                        OP_BR(
                                                            1,
                                                        ),
                                                    ],
                                                },
                                            ),
                                            OP_LOCAL_GET(
                                                0,
                                            ),
                                            OP_I32_CONST(
                                                8,
                                            ),
                                            OP_I32_EQ,
                                            OP_IF(
                                                Empty,
                                                CodeBlock {
                                                    id: 5,
                                                    instructions: [
                                                        OP_LOCAL_GET(
                                                            0,
                                                        ),
                                                        OP_BR(
                                                            2,
                                                        ),
                                                    ],
                                                },
                                            ),
                                            OP_LOCAL_GET(
                                                0,
                                            ),
                                            OP_I32_CONST(
                                                1,
                                            ),
                                            OP_I32_ADD,
                                            OP_LOCAL_SET(
                                                0,
                                            ),
                                            OP_BR(
                                                0,
                                            ),
                                        ],
                                    },
                                ),
                            ],
                        },
                    ),
                ],
            },
            FunctionBody {
                locals: [
                    LocalEntry {
                        count: 1,
                        ty: I32,
                    },
                ],
                code: [
                    OP_I32_CONST(
                        0,
                    ),
                    OP_LOCAL_SET(
                        0,
                    ),
                    OP_BLOCK(
                        ValueType(
                            I32,
                        ),
                        CodeBlock {
                            id: 10,
                            instructions: [
                                OP_LOOP(
                                    ValueType(
                                        I32,
                                    ),
                                    CodeBlock {
                                        id: 9,
                                        instructions: [
                                            OP_LOCAL_GET(
                                                0,
                                            ),
                                            OP_I32_CONST(
                                                1,
                                            ),
                                            OP_I32_ADD,
                                            OP_LOCAL_SET(
                                                0,
                                            ),
                                            OP_LOCAL_GET(
                                                0,
                                            ),
                                            OP_I32_CONST(
                                                5,
                                            ),
                                            OP_I32_EQ,
                                            OP_IF(
                                                Empty,
                                                CodeBlock {
                                                    id: 8,
                                                    instructions: [
                                                        OP_LOCAL_GET(
                                                            0,
                                                        ),
                                                        OP_BR(
                                                            2,
                                                        ),
                                                    ],
                                                },
                                            ),
                                            OP_LOCAL_GET(
                                                0,
                                            ),
                                        ],
                                    },
                                ),
                            ],
                        },
                    ),
                ],
            },
            FunctionBody {
                locals: [
                    LocalEntry {
                        count: 1,
                        ty: I32,
                    },
                ],
                code: [
                    OP_I32_CONST(
                        1,
                    ),
                    OP_LOCAL_SET(
                        1,
                    ),
                    OP_BLOCK(
                        ValueType(
                            I32,
                        ),
                        CodeBlock {
                            id: 13,
                            instructions: [
                                OP_LOOP(
                                    ValueType(
                                        I32,
                                    ),
                                    CodeBlock {
                                        id: 12,
                                        instructions: [
                                            OP_LOCAL_GET(
                                                1,
                                            ),
                                            OP_LOCAL_GET(
                                                1,
                                            ),
                                            OP_I32_ADD,
                                            OP_LOCAL_SET(
                                                1,
                                            ),
                                            OP_LOCAL_GET(
                                                1,
                                            ),
                                            OP_LOCAL_GET(
                                                0,
                                            ),
                                            OP_I32_GT_U,
                                            OP_IF(
                                                Empty,
                                                CodeBlock {
                                                    id: 11,
                                                    instructions: [
                                                        OP_LOCAL_GET(
                                                            1,
                                                        ),
                                                        OP_BR(
                                                            2,
                                                        ),
                                                    ],
                                                },
                                            ),
                                            OP_BR(
                                                0,
                                            ),
                                        ],
                                    },
                                ),
                            ],
                        },
                    ),
                ],
            },
            FunctionBody {
                locals: [],
                code: [
                    OP_LOOP(
                        ValueType(
                            I32,
                        ),
                        CodeBlock {
                            id: 14,
                            instructions: [
                                OP_I32_CONST(
                                    1,
                                ),
                            ],
                        },
                    ),
                    OP_I32_CONST(
                        1,
                    ),
                    OP_I32_ADD,
                ],
            },
            FunctionBody {
                locals: [],
                code: [
                    OP_LOOP(
                        ValueType(
                            I32,
                        ),
                        CodeBlock {
                            id: 15,
                            instructions: [
                                OP_I32_CONST(
                                    0,
                                ),
                                OP_BR_IF(
                                    0,
                                ),
                                OP_I32_CONST(
                                    3,
                                ),
                            ],
                        },
                    ),
                ],
            },
        ],
        fn_types: [
            FunctionSignature {
                param_types: [],
                return_types: [
                    I32,
                ],
            },
            FunctionSignature {
                param_types: [
                    I32,
                ],
                return_types: [
                    I32,
                ],
            },
        ],
        funcaddrs: [
            0,
            1,
            2,
            3,
            4,
            5,
        ],
        tableaddrs: [],
        memaddrs: [],
        globaladdrs: [],
        exports: [
            ExportInstance {
                name: "loop1",
                value: Function {
                    ty: 0,
                },
            },
            ExportInstance {
                name: "loop2",
                value: Function {
                    ty: 1,
                },
            },
            ExportInstance {
                name: "loop3",
                value: Function {
                    ty: 2,
                },
            },
            ExportInstance {
                name: "loop4",
                value: Function {
                    ty: 3,
                },
            },
            ExportInstance {
                name: "loop5",
                value: Function {
                    ty: 4,
                },
            },
            ExportInstance {
                name: "loop6",
                value: Function {
                    ty: 5,
                },
            },
        ],
    },
    started: false,
    store: Store {
        funcs: [
            FuncInstance {
                ty: FunctionSignature {
                    param_types: [],
                    return_types: [
                        I32,
                    ],
                },
                code: FunctionBody {
                    locals: [
                        LocalEntry {
                            count: 1,
                            ty: I32,
                        },
                    ],
                    code: [
                        OP_I32_CONST(
                            0,
                        ),
                        OP_LOCAL_SET(
                            0,
                        ),
                        OP_BLOCK(
                            ValueType(
                                I32,
                            ),
                            CodeBlock {
                                id: 3,
                                instructions: [
                                    OP_LOOP(
                                        ValueType(
                                            I32,
                                        ),
                                        CodeBlock {
                                            id: 2,
                                            instructions: [
                                                OP_LOCAL_GET(
                                                    0,
                                                ),
                                                OP_I32_CONST(
                                                    1,
                                                ),
                                                OP_I32_ADD,
                                                OP_LOCAL_SET(
                                                    0,
                                                ),
                                                OP_LOCAL_GET(
                                                    0,
                                                ),
                                                OP_I32_CONST(
                                                    5,
                                                ),
                                                OP_I32_EQ,
                                                OP_IF(
                                                    Empty,
                                                    CodeBlock {
                                                        id: 1,
                                                        instructions: [
                                                            OP_LOCAL_GET(
                                                                0,
                                                            ),
                                                            OP_BR(
                                                                2,
                                                            ),
                                                        ],
                                                    },
                                                ),
                                                OP_BR(
                                                    0,
                                                ),
                                            ],
                                        },
                                    ),
                                ],
                            },
                        ),
                    ],
                },
            },
            FuncInstance {
                ty: FunctionSignature {
                    param_types: [],
                    return_types: [
                        I32,
                    ],
                },
                code: FunctionBody {
                    locals: [
                        LocalEntry {
                            count: 1,
                            ty: I32,
                        },
                    ],
                    code: [
                        OP_I32_CONST(
                            0,
                        ),
                        OP_LOCAL_SET(
                            0,
                        ),
                        OP_BLOCK(
                            ValueType(
                                I32,
                            ),
                            CodeBlock {
                                id: 7,
                                instructions: [
                                    OP_LOOP(
                                        ValueType(
                                            I32,
                                        ),
                                        CodeBlock {
                                            id: 6,
                                            instructions: [
                                                OP_LOCAL_GET(
                                                    0,
                                                ),
                                                OP_I32_CONST(
                                                    1,
                                                ),
                                                OP_I32_ADD,
                                                OP_LOCAL_SET(
                                                    0,
                                                ),
                                                OP_LOCAL_GET(
                                                    0,
                                                ),
                                                OP_I32_CONST(
                                                    5,
                                                ),
                                                OP_I32_EQ,
                                                OP_IF(
                                                    Empty,
                                                    CodeBlock {
                                                        id: 4,
                                                        instructions: [
                                                            OP_BR(
                                                                1,
                                                            ),
                                                        ],
                                                    },
                                                ),
                                                OP_LOCAL_GET(
                                                    0,
                                                ),
                                                OP_I32_CONST(
                                                    8,
                                                ),
                                                OP_I32_EQ,
                                                OP_IF(
                                                    Empty,
                                                    CodeBlock {
                                                        id: 5,
                                                        instructions: [
                                                            OP_LOCAL_GET(
                                                                0,
                                                            ),
                                                            OP_BR(
                                                                2,
                                                            ),
                                                        ],
                                                    },
                                                ),
                                                OP_LOCAL_GET(
                                                    0,
                                                ),
                                                OP_I32_CONST(
                                                    1,
                                                ),
                                                OP_I32_ADD,
                                                OP_LOCAL_SET(
                                                    0,
                                                ),
                                                OP_BR(
                                                    0,
                                                ),
                                            ],
                                        },
                                    ),
                                ],
                            },
                        ),
                    ],
                },
            },
            FuncInstance {
                ty: FunctionSignature {
                    param_types: [],
                    return_types: [
                        I32,
                    ],
                },
                code: FunctionBody {
                    locals: [
                        LocalEntry {
                            count: 1,
                            ty: I32,
                        },
                    ],
                    code: [
                        OP_I32_CONST(
                            0,
                        ),
                        OP_LOCAL_SET(
                            0,
                        ),
                        OP_BLOCK(
                            ValueType(
                                I32,
                            ),
                            CodeBlock {
                                id: 10,
                                instructions: [
                                    OP_LOOP(
                                        ValueType(
                                            I32,
                                        ),
                                        CodeBlock {
                                            id: 9,
                                            instructions: [
                                                OP_LOCAL_GET(
                                                    0,
                                                ),
                                                OP_I32_CONST(
                                                    1,
                                                ),
                                                OP_I32_ADD,
                                                OP_LOCAL_SET(
                                                    0,
                                                ),
                                                OP_LOCAL_GET(
                                                    0,
                                                ),
                                                OP_I32_CONST(
                                                    5,
                                                ),
                                                OP_I32_EQ,
                                                OP_IF(
                                                    Empty,
                                                    CodeBlock {
                                                        id: 8,
                                                        instructions: [
                                                            OP_LOCAL_GET(
                                                                0,
                                                            ),
                                                            OP_BR(
                                                                2,
                                                            ),
                                                        ],
                                                    },
                                                ),
                                                OP_LOCAL_GET(
                                                    0,
                                                ),
                                            ],
                                        },
                                    ),
                                ],
                            },
                        ),
                    ],
                },
            },
            FuncInstance {
                ty: FunctionSignature {
                    param_types: [
                        I32,
                    ],
                    return_types: [
                        I32,
                    ],
                },
                code: FunctionBody {
                    locals: [
                        LocalEntry {
                            count: 1,
                            ty: I32,
                        },
                    ],
                    code: [
                        OP_I32_CONST(
                            1,
                        ),
                        OP_LOCAL_SET(
                            1,
                        ),
                        OP_BLOCK(
                            ValueType(
                                I32,
                            ),
                            CodeBlock {
                                id: 13,
                                instructions: [
                                    OP_LOOP(
                                        ValueType(
                                            I32,
                                        ),
                                        CodeBlock {
                                            id: 12,
                                            instructions: [
                                                OP_LOCAL_GET(
                                                    1,
                                                ),
                                                OP_LOCAL_GET(
                                                    1,
                                                ),
                                                OP_I32_ADD,
                                                OP_LOCAL_SET(
                                                    1,
                                                ),
                                                OP_LOCAL_GET(
                                                    1,
                                                ),
                                                OP_LOCAL_GET(
                                                    0,
                                                ),
                                                OP_I32_GT_U,
                                                OP_IF(
                                                    Empty,
                                                    CodeBlock {
                                                        id: 11,
                                                        instructions: [
                                                            OP_LOCAL_GET(
                                                                1,
                                                            ),
                                                            OP_BR(
                                                                2,
                                                            ),
                                                        ],
                                                    },
                                                ),
                                                OP_BR(
                                                    0,
                                                ),
                                            ],
                                        },
                                    ),
                                ],
                            },
                        ),
                    ],
                },
            },
            FuncInstance {
                ty: FunctionSignature {
                    param_types: [],
                    return_types: [
                        I32,
                    ],
                },
                code: FunctionBody {
                    locals: [],
                    code: [
                        OP_LOOP(
                            ValueType(
                                I32,
                            ),
                            CodeBlock {
                                id: 14,
                                instructions: [
                                    OP_I32_CONST(
                                        1,
                                    ),
                                ],
                            },
                        ),
                        OP_I32_CONST(
                            1,
                        ),
                        OP_I32_ADD,
                    ],
                },
            },
            FuncInstance {
                ty: FunctionSignature {
                    param_types: [],
                    return_types: [
                        I32,
                    ],
                },
                code: FunctionBody {
                    locals: [],
                    code: [
                        OP_LOOP(
                            ValueType(
                                I32,
                            ),
                            CodeBlock {
                                id: 15,
                                instructions: [
                                    OP_I32_CONST(
                                        0,
                                    ),
                                    OP_BR_IF(
                                        0,
                                    ),
                                    OP_I32_CONST(
                                        3,
                                    ),
                                ],
                            },
                        ),
                    ],
                },
            },
        ],
        tables: [],
        memory: [],
        stack: [],
        globals: [],
    },
}
