---
source: src/tests/integration/mod.rs
expression: output

---
   \documentclass{standalone}
            \usepackage{pgf, tikz}
            \usetikzlibrary{arrows, automata}
            \begin{document}
                \begin{tikzpicture}
                    [node distance=3cm]
                    \tikzstyle{every state}=[
                        draw = black,
                        thick,
                        fill = white,
                        minimum size = 4mm
                    ]

                    \node[circle,fill,inner sep=1pt,label=left:\%1] (18) at (2, 4) { };
\node[circle,fill,inner sep=1pt,label=left:taut] (16) at (0, 4) { };
\node[circle,fill,inner sep=1pt,label=left:\%1] (14) at (2, 3) { };
\node[circle,fill,inner sep=1pt,label=left:taut] (12) at (0, 3) { };
\node[circle,fill,inner sep=1pt,label=left:\%1] (10) at (2, 2) { };
\node[circle,fill,inner sep=1pt,label=left:taut] (8) at (0, 2) { };
\node[circle,fill,inner sep=1pt,label=left:taut] (4) at (0, 1) { };
\node[circle,fill,inner sep=1pt,label=left:taut] (0) at (0, 0) { };
\node[font=\tiny] (note_0) at (-1.5, 0.5) {Block(7)};
\node[font=\tiny] (note_1) at (-1.5, 1.5) {Assign(1, 0)};
\node[font=\tiny] (note_2) at (-1.5, 2.5) {Call(0, [1], [2])};
\node[font=\tiny] (note_3) at (-1.5, 3.5) {Return([2])};
\node[circle,fill,inner sep=1pt,label=left:taut] (951) at (5, 49) { };
\node[circle,fill,inner sep=1pt,label=left:taut] (932) at (5, 48) { };
\node[circle,fill,inner sep=1pt,label=left:taut] (913) at (5, 47) { };
\node[circle,fill,inner sep=1pt,label=left:taut] (894) at (5, 46) { };
\node[circle,fill,inner sep=1pt,label=left:taut] (875) at (5, 45) { };
\node[circle,fill,inner sep=1pt,label=left:taut] (856) at (5, 44) { };
\node[circle,fill,inner sep=1pt,label=left:taut] (837) at (5, 43) { };
\node[circle,fill,inner sep=1pt,label=left:taut] (818) at (5, 42) { };
\node[circle,fill,inner sep=1pt,label=left:taut] (799) at (5, 41) { };
\node[circle,fill,inner sep=1pt,label=left:taut] (419) at (5, 21) { };
\node[circle,fill,inner sep=1pt,label=left:taut] (400) at (5, 20) { };
\node[circle,fill,inner sep=1pt,label=left:taut] (381) at (5, 19) { };
\node[circle,fill,inner sep=1pt,label=left:taut] (362) at (5, 18) { };
\node[circle,fill,inner sep=1pt,label=left:taut] (343) at (5, 17) { };
\node[circle,fill,inner sep=1pt,label=left:taut] (305) at (5, 15) { };
\node[circle,fill,inner sep=1pt,label=left:taut] (286) at (5, 14) { };
\node[circle,fill,inner sep=1pt,label=left:taut] (267) at (5, 13) { };
\node[circle,fill,inner sep=1pt,label=left:taut] (248) at (5, 12) { };
\node[circle,fill,inner sep=1pt,label=left:taut] (229) at (5, 11) { };
\node[circle,fill,inner sep=1pt,label=left:taut] (210) at (5, 10) { };
\node[circle,fill,inner sep=1pt,label=left:taut] (191) at (5, 9) { };
\node[circle,fill,inner sep=1pt,label=left:taut] (172) at (5, 8) { };
\node[circle,fill,inner sep=1pt,label=left:taut] (153) at (5, 7) { };
\node[circle,fill,inner sep=1pt,label=left:taut] (134) at (5, 6) { };
\node[circle,fill,inner sep=1pt,label=left:taut] (115) at (5, 5) { };
\node[circle,fill,inner sep=1pt,label=left:taut] (96) at (5, 4) { };
\node[circle,fill,inner sep=1pt,label=left:\%1] (79) at (7, 3) { };
\node[circle,fill,inner sep=1pt,label=left:taut] (77) at (5, 3) { };
\node[circle,fill,inner sep=1pt,label=left:\%1] (60) at (7, 2) { };
\node[circle,fill,inner sep=1pt,label=left:taut] (58) at (5, 2) { };
\node[circle,fill,inner sep=1pt,label=left:\%1] (41) at (7, 1) { };
\node[circle,fill,inner sep=1pt,label=left:taut] (39) at (5, 1) { };
\node[circle,fill,inner sep=1pt,label=left:\%1] (22) at (7, 0) { };
\node[circle,fill,inner sep=1pt,label=left:taut] (20) at (5, 0) { };
\node[font=\tiny] (note_4) at (3.5, 0.5) {Block(0)};
\node[font=\tiny] (note_5) at (3.5, 1.5) {Block(1)};
\node[font=\tiny] (note_6) at (3.5, 2.5) {Block(3)};
\node[font=\tiny] (note_7) at (3.5, 3.5) {Assign(1, 0)};
\node[font=\tiny] (note_8) at (3.5, 4.5) {Const(2, 1.0)};
\node[font=\tiny] (note_9) at (3.5, 5.5) {BinOp(3, 2, 1)};
\node[font=\tiny] (note_10) at (3.5, 6.5) {Conditional(3, [5, 6])};
\node[font=\tiny] (note_11) at (3.5, 7.5) {Block(5)};
\node[font=\tiny] (note_12) at (3.5, 8.5) {Assign(4, 0)};
\node[font=\tiny] (note_13) at (3.5, 9.5) {Const(5, 1.0)};
\node[font=\tiny] (note_14) at (3.5, 10.5) {BinOp(6, 5, 4)};
\node[font=\tiny] (note_15) at (3.5, 11.5) {Conditional(6, [4])};
\node[font=\tiny] (note_16) at (3.5, 12.5) {Kill(6)};
\node[font=\tiny] (note_17) at (3.5, 13.5) {Kill(5)};
\node[font=\tiny] (note_18) at (3.5, 14.5) {Kill(4)};
\node[font=\tiny] (note_19) at (3.5, 15.5) {Jump(2)};
\node[font=\tiny] (note_20) at (3.5, 16.5) {Jump(6)};
\node[font=\tiny] (note_21) at (3.5, 17.5) {Block(6)};
\node[font=\tiny] (note_22) at (3.5, 18.5) {Assign(7, 0)};
\node[font=\tiny] (note_23) at (3.5, 19.5) {Const(8, -1.0)};
\node[font=\tiny] (note_24) at (3.5, 20.5) {BinOp(9, 8, 7)};
\node[font=\tiny] (note_25) at (3.5, 21.5) {Call(0, [9], [10])};
\node[font=\tiny] (note_26) at (3.5, 22.5) {Assign(11, 0)};
\node[font=\tiny] (note_27) at (3.5, 23.5) {Const(12, -2.0)};
\node[font=\tiny] (note_28) at (3.5, 24.5) {BinOp(13, 12, 11)};
\node[font=\tiny] (note_29) at (3.5, 25.5) {Call(0, [13], [14])};
\node[font=\tiny] (note_30) at (3.5, 26.5) {BinOp(15, 14, 13)};
\node[font=\tiny] (note_31) at (3.5, 27.5) {Kill(15)};
\node[font=\tiny] (note_32) at (3.5, 28.5) {Kill(14)};
\node[font=\tiny] (note_33) at (3.5, 29.5) {Kill(13)};
\node[font=\tiny] (note_34) at (3.5, 30.5) {Kill(12)};
\node[font=\tiny] (note_35) at (3.5, 31.5) {Kill(11)};
\node[font=\tiny] (note_36) at (3.5, 32.5) {Kill(10)};
\node[font=\tiny] (note_37) at (3.5, 33.5) {Kill(9)};
\node[font=\tiny] (note_38) at (3.5, 34.5) {Kill(8)};
\node[font=\tiny] (note_39) at (3.5, 35.5) {Kill(7)};
\node[font=\tiny] (note_40) at (3.5, 36.5) {Kill(3)};
\node[font=\tiny] (note_41) at (3.5, 37.5) {Kill(2)};
\node[font=\tiny] (note_42) at (3.5, 38.5) {Kill(1)};
\node[font=\tiny] (note_43) at (3.5, 39.5) {Return([0])};
\node[font=\tiny] (note_44) at (3.5, 40.5) {Jump(4)};
\node[font=\tiny] (note_45) at (3.5, 41.5) {Block(4)};
\node[font=\tiny] (note_46) at (3.5, 42.5) {Const(16, 0.0)};
\node[font=\tiny] (note_47) at (3.5, 43.5) {Assign(0, 16)};
\node[font=\tiny] (note_48) at (3.5, 44.5) {Kill(16)};
\node[font=\tiny] (note_49) at (3.5, 45.5) {Jump(2)};
\node[font=\tiny] (note_50) at (3.5, 46.5) {Block(2)};
\node[font=\tiny] (note_51) at (3.5, 47.5) {Assign(17, 0)};
\node[font=\tiny] (note_52) at (3.5, 48.5) {Return([17])};
		\path[->, blue] (0) [loop right] edge  node { } (0);
		\path[->] (0) edge (4);
		\path[->, blue] (0) [bend right] edge  node { } (4);
		\path[->] (4) edge (10);
		\path[->, blue] (4) [bend right] edge  node { } (10);
		\path[->, blue] (0) [bend right] edge  node { } (8);
		\path[->, blue] (22) [loop right] edge  node { } (22);
		\path[->, blue] (0) [bend right] edge  node { } (14);
		\path[->, blue] (20) [loop right] edge  node { } (20);
		\path[->, blue] (0) [bend right] edge  node { } (12);
		\path[->, blue] (22) [bend right] edge  node { } (41);
		\path[->, blue] (0) [bend right] edge  node { } (18);
		\path[->, blue] (20) [bend right] edge  node { } (39);
		\path[->, blue] (0) [bend right] edge  node { } (16);
		\path[->, blue] (22) [bend right] edge  node { } (60);
		\path[->, blue] (20) [bend right] edge  node { } (58);
		\path[->, blue] (22) [bend right] edge  node { } (79);
		\path[->, blue] (20) [bend right] edge  node { } (77);
		\path[->, blue] (20) [bend right] edge  node { } (96);
		\path[->, blue] (20) [bend right] edge  node { } (115);
		\path[->, blue] (20) [bend right] edge  node { } (134);
		\path[->, blue] (20) [bend right] edge  node { } (153);
		\path[->, blue] (20) [bend right] edge  node { } (343);
		\path[->, blue] (20) [bend right] edge  node { } (172);
		\path[->, blue] (20) [bend right] edge  node { } (362);
		\path[->, blue] (20) [bend right] edge  node { } (191);
		\path[->, blue] (20) [bend right] edge  node { } (381);
		\path[->, blue] (20) [bend right] edge  node { } (210);
		\path[->, blue] (20) [bend right] edge  node { } (400);
		\path[->, blue] (20) [bend right] edge  node { } (229);
		\path[->, blue] (20) [bend right] edge  node { } (419);
		\path[->, blue] (20) [bend right] edge  node { } (799);
		\path[->, blue] (20) [bend right] edge  node { } (248);
		\path[->, blue] (20) [bend right] edge  node { } (818);
		\path[->, blue] (20) [bend right] edge  node { } (267);
		\path[->, blue] (20) [bend right] edge  node { } (837);
		\path[->, blue] (20) [bend right] edge  node { } (286);
		\path[->, blue] (20) [bend right] edge  node { } (856);
		\path[->, blue] (20) [bend right] edge  node { } (305);
		\path[->, blue] (20) [bend right] edge  node { } (875);
		\path[->, blue] (20) [bend right] edge  node { } (894);
		\path[->, blue] (20) [bend right] edge  node { } (913);
		\path[->, blue] (20) [bend right] edge  node { } (932);
		\path[->, blue] (20) [bend right] edge  node { } (951);


                \end{tikzpicture}
            \end{document}
