---
source: src/tests/solver/mod.rs
expression: output

---
   \documentclass{standalone}
            \usepackage{pgf, tikz}
            \usetikzlibrary{arrows, automata}
            \begin{document}
                \begin{tikzpicture}
                    [node distance=3cm]
                    \tikzstyle{every state}=[
                        draw = black,
                        thick,
                        fill = white,
                        minimum size = 4mm
                    ]

                    \node[circle,fill,inner sep=1pt,label=left:$taut$] (0) at (0, 1) { };
\node[circle,fill,inner sep=1pt,label=left:$taut$] (1) at (0, 0) { };
\node[circle,fill,inner sep=1pt,label=left:$taut$] (2) at (0, 1) { };
\node[circle,fill,inner sep=1pt,label=left:$\%0$] (3) at (5, 0) { };
\node[circle,fill,inner sep=1pt,label=left:$taut$] (4) at (0, 0) { };
\node[circle,fill,inner sep=1pt,label=left:$\%0$] (5) at (5, 0) { };
\node[circle,fill,inner sep=1pt,label=left:$taut$] (6) at (0, 0) { };
\node[circle,fill,inner sep=1pt,label=left:$\%0$] (7) at (5, 0) { };
\node[circle,fill,inner sep=1pt,label=left:$taut$] (8) at (0, 0) { };
\node[circle,fill,inner sep=1pt,label=left:$\%0$] (9) at (5, 0) { };
\node[circle,fill,inner sep=1pt,label=left:$taut$] (10) at (0, 0) { };
\node[circle,fill,inner sep=1pt,label=left:$taut$] (11) at (0, 1) { };
\node[circle,fill,inner sep=1pt,label=left:$taut$] (12) at (0, 0) { };
\node[circle,fill,inner sep=1pt,label=left:$taut$] (13) at (0, 2) { };
\node[circle,fill,inner sep=1pt,label=left:$taut$] (14) at (0, 3) { };
\node[circle,fill,inner sep=1pt,label=left:$taut$] (15) at (0, 4) { };
\node[circle,fill,inner sep=1pt,label=left:$taut$] (16) at (0, 5) { };
\node[circle,fill,inner sep=1pt,label=left:$taut$] (17) at (0, 6) { };
\node[circle,fill,inner sep=1pt,label=left:$\%7$] (18) at (2, 2) { };
\node[circle,fill,inner sep=1pt,label=left:$taut$] (19) at (0, 0) { };
\node[circle,fill,inner sep=1pt,label=left:$taut$] (20) at (0, 1) { };
\node[circle,fill,inner sep=1pt,label=left:$taut$] (21) at (0, 2) { };
\node[circle,fill,inner sep=1pt,label=left:$taut$] (22) at (0, 3) { };
\node[circle,fill,inner sep=1pt,label=left:$taut$] (23) at (0, 4) { };
\node[circle,fill,inner sep=1pt,label=left:$taut$] (24) at (0, 5) { };
\node[circle,fill,inner sep=1pt,label=left:$taut$] (25) at (0, 6) { };
\node[circle,fill,inner sep=1pt,label=left:$\%9$] (26) at (1, 3) { };
\node[circle,fill,inner sep=1pt,label=left:$\%7$] (27) at (2, 3) { };
\node[circle,fill,inner sep=1pt,label=left:$\%0$] (28) at (5, 0) { };
\node[circle,fill,inner sep=1pt,label=left:$\%9$] (29) at (1, 4) { };
\node[circle,fill,inner sep=1pt,label=left:$\%7$] (30) at (2, 4) { };
\node[circle,fill,inner sep=1pt,label=left:$\%1$] (31) at (4, 1) { };
\node[circle,fill,inner sep=1pt,label=left:$\%0$] (32) at (5, 1) { };
\node[circle,fill,inner sep=1pt,label=left:$\%9$] (33) at (1, 5) { };
\node[circle,fill,inner sep=1pt,label=left:$\%7$] (34) at (2, 5) { };
\node[circle,fill,inner sep=1pt,label=left:$\%1$] (35) at (4, 2) { };
\node[circle,fill,inner sep=1pt,label=left:$\%7$] (36) at (2, 2) { };
\node[circle,fill,inner sep=1pt,label=left:$\%9$] (37) at (1, 6) { };
\node[circle,fill,inner sep=1pt,label=left:$\%7$] (38) at (2, 6) { };
\node[circle,fill,inner sep=1pt,label=left:$\%1$] (39) at (4, 3) { };
\node[circle,fill,inner sep=1pt,label=left:$\%9$] (40) at (1, 3) { };
\node[circle,fill,inner sep=1pt,label=left:$\%7$] (41) at (2, 3) { };
\node[circle,fill,inner sep=1pt,label=left:$\%10$] (42) at (3, 4) { };
\node[circle,fill,inner sep=1pt,label=left:$\%1$] (43) at (4, 4) { };
\node[circle,fill,inner sep=1pt,label=left:$\%10$] (44) at (3, 5) { };
\node[circle,fill,inner sep=1pt,label=left:$\%1$] (45) at (4, 5) { };
\node[circle,fill,inner sep=1pt,label=left:$\%10$] (46) at (3, 6) { };
\node[circle,fill,inner sep=1pt,label=left:$\%1$] (47) at (4, 6) { };
\node[font=\tiny] (note_0) at (-1.5, 0.5) {Assign(1, 0)};
\node[font=\tiny] (note_1) at (-1.5, 1.5) {Assign(7, 0)};
\node[font=\tiny] (note_2) at (-1.5, 2.5) {BinOp(9, 8, 7)};
\node[font=\tiny] (note_3) at (-1.5, 3.5) {Call(0, [9], [10])};
\node[font=\tiny] (note_4) at (-1.5, 4.5) {Assign(11, 0)};
\node[font=\tiny] (note_5) at (-1.5, 5.5) {Return([0])};
\node[font=\tiny] (note_6) at (-1.5, 0.5) {Assign(1, 0)};
\node[font=\tiny] (note_7) at (-1.5, 1.5) {Assign(7, 0)};
\node[font=\tiny] (note_8) at (-1.5, 2.5) {BinOp(9, 8, 7)};
\node[font=\tiny] (note_9) at (-1.5, 3.5) {Call(0, [9], [10])};
\node[font=\tiny] (note_10) at (-1.5, 4.5) {Assign(11, 0)};
\node[font=\tiny] (note_11) at (-1.5, 5.5) {Return([0])};
\node[font=\tiny] (note_12) at (-1.5, 0.5) {Assign(1, 0)};
\node[font=\tiny] (note_13) at (-1.5, 1.5) {Assign(7, 0)};
\node[font=\tiny] (note_14) at (-1.5, 2.5) {BinOp(9, 8, 7)};
\node[font=\tiny] (note_15) at (-1.5, 3.5) {Call(0, [9], [10])};
\node[font=\tiny] (note_16) at (-1.5, 4.5) {Assign(11, 0)};
\node[font=\tiny] (note_17) at (-1.5, 5.5) {Return([0])};
\node[font=\tiny] (note_18) at (-1.5, 0.5) {Assign(1, 0)};
\node[font=\tiny] (note_19) at (-1.5, 1.5) {Assign(7, 0)};
\node[font=\tiny] (note_20) at (-1.5, 2.5) {BinOp(9, 8, 7)};
\node[font=\tiny] (note_21) at (-1.5, 3.5) {Call(0, [9], [10])};
\node[font=\tiny] (note_22) at (-1.5, 4.5) {Assign(11, 0)};
\node[font=\tiny] (note_23) at (-1.5, 5.5) {Return([0])};
\node[font=\tiny] (note_24) at (-1.5, 0.5) {Assign(1, 0)};
\node[font=\tiny] (note_25) at (-1.5, 1.5) {Assign(7, 0)};
\node[font=\tiny] (note_26) at (-1.5, 2.5) {BinOp(9, 8, 7)};
\node[font=\tiny] (note_27) at (-1.5, 3.5) {Call(0, [9], [10])};
\node[font=\tiny] (note_28) at (-1.5, 4.5) {Assign(11, 0)};
\node[font=\tiny] (note_29) at (-1.5, 5.5) {Return([0])};
		\path[->, blue] (0) [loop right] edge  node { } (0);
		\path[->, blue] (0) [bend right] edge  node { } (1);
		\path[->, blue] (0) [bend right] edge  node { } (13);
		\path[->, blue] (0) [bend right] edge  node { } (14);
		\path[->, blue] (0) [bend right] edge  node { } (15);
		\path[->, blue] (0) [bend right] edge  node { } (16);
		\path[->, blue] (0) [bend right] edge  node { } (17);
		\path[->, blue] (0) [bend right] edge  node { } (18);
		\path[->, blue] (1) [loop right] edge  node { } (1);
		\path[->, blue] (1) [bend right] edge  node { } (0);
		\path[->, blue] (1) [bend right] edge  node { } (13);
		\path[->, blue] (1) [bend right] edge  node { } (14);
		\path[->, blue] (1) [bend right] edge  node { } (15);
		\path[->, blue] (1) [bend right] edge  node { } (16);
		\path[->, blue] (1) [bend right] edge  node { } (17);
		\path[->, blue] (0) [bend right] edge  node { } (26);
		\path[->, blue] (0) [bend right] edge  node { } (27);
		\path[->, blue] (3) [loop right] edge  node { } (3);
		\path[->, blue] (1) [bend right] edge  node { } (29);
		\path[->, blue] (1) [bend right] edge  node { } (30);
		\path[->, blue] (3) [bend right] edge  node { } (31);
		\path[->, blue] (3) [bend right] edge  node { } (32);
		\path[->, blue] (1) [bend right] edge  node { } (33);
		\path[->, blue] (1) [bend right] edge  node { } (34);
		\path[->, blue] (3) [bend right] edge  node { } (35);
		\path[->, blue] (3) [bend right] edge  node { } (18);
		\path[->, blue] (1) [bend right] edge  node { } (37);
		\path[->, blue] (1) [bend right] edge  node { } (38);
		\path[->, blue] (3) [bend right] edge  node { } (39);
		\path[->, blue] (3) [bend right] edge  node { } (26);
		\path[->, blue] (3) [bend right] edge  node { } (27);
		\path[->, blue] (1) [bend right] edge  node { } (42);
		\path[->, blue] (1) [bend right] edge  node { } (43);
		\path[->, blue] (1) [bend right] edge  node { } (44);
		\path[->, blue] (1) [bend right] edge  node { } (45);
		\path[->, blue] (1) [bend right] edge  node { } (46);
		\path[->, blue] (1) [bend right] edge  node { } (47);


                \end{tikzpicture}
            \end{document}
