---
source: src/tests/verification/mod.rs
expression: output

---
   \documentclass{standalone}
            \usepackage{pgf, tikz}
            \usetikzlibrary{arrows, automata}
            \begin{document}
                \begin{tikzpicture}
                    [node distance=3cm]
                    \tikzstyle{every state}=[
                        draw = black,
                        thick,
                        fill = white,
                        minimum size = 4mm
                    ]

                    \node[circle,fill,inner sep=1pt,label=left:{\scriptsize $taut$}] (0) at (0, 0) { };
\node[circle,fill,inner sep=1pt,label=left:{\scriptsize $taut$}] (2) at (0, 0) { };
\node[circle,fill,inner sep=1pt,label=left:{\scriptsize $taut$}] (4) at (0, 0) { };
\node[circle,fill,inner sep=1pt,label=left:{\scriptsize $taut$}] (19) at (0, 0) { };
\node[circle,fill,inner sep=1pt,label=left:{\scriptsize $taut$}] (20) at (0, 1) { };
\node[circle,fill,inner sep=1pt,label=left:{\scriptsize $\%0$}] (21) at (2, 1) { };
\node[circle,fill,inner sep=1pt,label=left:{\scriptsize $taut$}] (23) at (0, 2) { };
\node[circle,fill,inner sep=1pt,label=left:{\scriptsize $\%0$}] (25) at (2, 2) { };
\node[circle,fill,inner sep=1pt,label=left:{\scriptsize $\%1$}] (50) at (1, 2) { };
\node[font=\tiny] (note_0) at (-1.5, 0.5) {Const(0, 5.0)};
\node[font=\tiny] (note_1) at (-1.5, 1.5) {Call(mytest, [0], [1])};
\node[circle,fill,inner sep=1pt,label=left:{\scriptsize $taut$}] (1) at (4, 0) { };
\node[circle,fill,inner sep=1pt,label=left:{\scriptsize $\%0$}] (3) at (5, 0) { };
\node[circle,fill,inner sep=1pt,label=left:{\scriptsize $taut$}] (5) at (4, 0) { };
\node[circle,fill,inner sep=1pt,label=left:{\scriptsize $\%0$}] (6) at (5, 0) { };
\node[circle,fill,inner sep=1pt,label=left:{\scriptsize $taut$}] (7) at (4, 0) { };
\node[circle,fill,inner sep=1pt,label=left:{\scriptsize $\%0$}] (8) at (5, 0) { };
\node[circle,fill,inner sep=1pt,label=left:{\scriptsize $taut$}] (9) at (4, 0) { };
\node[circle,fill,inner sep=1pt,label=left:{\scriptsize $\%0$}] (10) at (5, 0) { };
\node[circle,fill,inner sep=1pt,label=left:{\scriptsize $taut$}] (11) at (4, 0) { };
\node[circle,fill,inner sep=1pt,label=left:{\scriptsize $\%0$}] (12) at (5, 0) { };
\node[circle,fill,inner sep=1pt,label=left:{\scriptsize $taut$}] (13) at (4, 0) { };
\node[circle,fill,inner sep=1pt,label=left:{\scriptsize $\%0$}] (14) at (5, 0) { };
\node[circle,fill,inner sep=1pt,label=left:{\scriptsize $taut$}] (15) at (4, 0) { };
\node[circle,fill,inner sep=1pt,label=left:{\scriptsize $\%0$}] (16) at (5, 0) { };
\node[circle,fill,inner sep=1pt,label=left:{\scriptsize $taut$}] (17) at (4, 0) { };
\node[circle,fill,inner sep=1pt,label=left:{\scriptsize $\%0$}] (18) at (5, 0) { };
\node[circle,fill,inner sep=1pt,label=left:{\scriptsize $taut$}] (22) at (4, 0) { };
\node[circle,fill,inner sep=1pt,label=left:{\scriptsize $\%0$}] (24) at (5, 0) { };
\node[circle,fill,inner sep=1pt,label=left:{\scriptsize $taut$}] (26) at (4, 1) { };
\node[circle,fill,inner sep=1pt,label=left:{\scriptsize $\%0$}] (27) at (5, 1) { };
\node[circle,fill,inner sep=1pt,label=left:{\scriptsize $taut$}] (28) at (4, 2) { };
\node[circle,fill,inner sep=1pt,label=left:{\scriptsize $taut$}] (29) at (4, 7) { };
\node[circle,fill,inner sep=1pt,label=left:{\scriptsize $\%0$}] (30) at (5, 2) { };
\node[circle,fill,inner sep=1pt,label=left:{\scriptsize $\%0$}] (31) at (5, 7) { };
\node[circle,fill,inner sep=1pt,label=left:{\scriptsize $taut$}] (32) at (4, 3) { };
\node[circle,fill,inner sep=1pt,label=left:{\scriptsize $taut$}] (33) at (4, 8) { };
\node[circle,fill,inner sep=1pt,label=left:{\scriptsize $\%0$}] (34) at (5, 3) { };
\node[circle,fill,inner sep=1pt,label=left:{\scriptsize $\%0$}] (35) at (5, 8) { };
\node[circle,fill,inner sep=1pt,label=left:{\scriptsize $taut$}] (36) at (4, 4) { };
\node[circle,fill,inner sep=1pt,label=left:{\scriptsize $taut$}] (37) at (4, 9) { };
\node[circle,fill,inner sep=1pt,label=left:{\scriptsize $\%0$}] (38) at (5, 4) { };
\node[circle,fill,inner sep=1pt,label=left:{\scriptsize $\%0$}] (39) at (5, 9) { };
\node[circle,fill,inner sep=1pt,label=left:{\scriptsize $taut$}] (40) at (4, 5) { };
\node[circle,fill,inner sep=1pt,label=left:{\scriptsize $taut$}] (41) at (4, 10) { };
\node[circle,fill,inner sep=1pt,label=left:{\scriptsize $\%0$}] (42) at (5, 5) { };
\node[circle,fill,inner sep=1pt,label=left:{\scriptsize $\%0$}] (43) at (5, 10) { };
\node[circle,fill,inner sep=1pt,label=left:{\scriptsize $taut$}] (44) at (4, 6) { };
\node[circle,fill,inner sep=1pt,label=left:{\scriptsize $taut$}] (45) at (4, 11) { };
\node[circle,fill,inner sep=1pt,label=left:{\scriptsize $\%0$}] (46) at (5, 6) { };
\node[circle,fill,inner sep=1pt,label=left:{\scriptsize $\%0$}] (47) at (5, 11) { };
\node[circle,fill,inner sep=1pt,label=left:{\scriptsize $taut$}] (48) at (4, 12) { };
\node[circle,fill,inner sep=1pt,label=left:{\scriptsize $\%0$}] (49) at (5, 12) { };
\node[font=\tiny] (note_2) at (2.5, 0.5) {Const(1, 1.0)};
\node[font=\tiny] (note_3) at (2.5, 6.5) {Jump(3)};
\node[font=\tiny] (note_4) at (2.5, 1.5) {Conditional(1, [1, 2])};
\node[font=\tiny] (note_5) at (2.5, 2.5) {Block(1)};
\node[font=\tiny] (note_6) at (2.5, 3.5) {Const(1, 2.0)};
\node[font=\tiny] (note_7) at (2.5, 7.5) {Block(2)};
\node[font=\tiny] (note_8) at (2.5, 9.5) {Jump(3)};
\node[font=\tiny] (note_9) at (2.5, 10.5) {Block(3)};
\node[font=\tiny] (note_10) at (2.5, 11.5) {Return([0])};
\node[font=\tiny] (note_11) at (2.5, 4.5) {Const(2, 3.0)};
\node[font=\tiny] (note_12) at (2.5, 8.5) {Const(2, 4.0)};
\node[font=\tiny] (note_13) at (2.5, 5.5) {Return([1])};
		\path[->, blue] (0) [loop right] edge  node { } (0);
		\path[->, blue] (0) [bend right] edge  node { } (20);
		\path[->, blue] (0) [bend right] edge  node { } (21);
		\path[->, blue] (1) [loop right] edge  node { } (1);
		\path[->, blue] (0) [bend right] edge  node { } (23);
		\path[->, blue] (3) [loop right] edge  node { } (3);
		\path[->, blue] (0) [bend right] edge  node { } (25);
		\path[->, blue] (1) [bend right] edge  node { } (26);
		\path[->, blue] (3) [bend right] edge  node { } (27);
		\path[->, blue] (1) [bend right] edge  node { } (28);
		\path[->, blue] (1) [bend right] edge  node { } (29);
		\path[->, blue] (3) [bend right] edge  node { } (30);
		\path[->, blue] (3) [bend right] edge  node { } (31);
		\path[->, blue] (1) [bend right] edge  node { } (32);
		\path[->, blue] (1) [bend right] edge  node { } (33);
		\path[->, blue] (3) [bend right] edge  node { } (34);
		\path[->, blue] (3) [bend right] edge  node { } (35);
		\path[->, blue] (1) [bend right] edge  node { } (36);
		\path[->, blue] (1) [bend right] edge  node { } (37);
		\path[->, blue] (3) [bend right] edge  node { } (38);
		\path[->, blue] (3) [bend right] edge  node { } (39);
		\path[->, blue] (1) [bend right] edge  node { } (40);
		\path[->, blue] (1) [bend right] edge  node { } (41);
		\path[->, blue] (3) [bend right] edge  node { } (42);
		\path[->, blue] (3) [bend right] edge  node { } (43);
		\path[->, blue] (1) [bend right] edge  node { } (44);
		\path[->, blue] (1) [bend right] edge  node { } (45);
		\path[->, blue] (3) [bend right] edge  node { } (46);
		\path[->, blue] (3) [bend right] edge  node { } (47);
		\path[->, blue] (1) [bend right] edge  node { } (48);
		\path[->, blue] (3) [bend right] edge  node { } (49);
		\path[->, blue] (0) [bend right] edge  node { } (50);


                \end{tikzpicture}
            \end{document}
