---
source: src/tests/verification/mod.rs
expression: output

---
   \documentclass{standalone}
            \usepackage{pgf, tikz}
            \usetikzlibrary{arrows, automata}
            \begin{document}
                \begin{tikzpicture}
                    [node distance=3cm]
                    \tikzstyle{every state}=[
                        draw = black,
                        thick,
                        fill = white,
                        minimum size = 4mm
                    ]

                    \node[circle,fill,inner sep=1pt,label=left:{\scriptsize $\%0$}] (0) at (2, 1) { };
\node[circle,fill,inner sep=1pt,label=left:{\scriptsize $\%0$}] (1) at (2, 2) { };
\node[circle,fill,inner sep=1pt,label=left:{\scriptsize $\%1$}] (2) at (1, 0) { };
\node[circle,fill,inner sep=1pt,label=left:{\scriptsize $\%1$}] (3) at (1, 1) { };
\node[circle,fill,inner sep=1pt,label=left:{\scriptsize $\%1$}] (4) at (1, 2) { };
\node[circle,fill,inner sep=1pt,label=left:{\scriptsize $taut$}] (5) at (0, 0) { };
\node[circle,fill,inner sep=1pt,label=left:{\scriptsize $taut$}] (6) at (0, 1) { };
\node[circle,fill,inner sep=1pt,label=left:{\scriptsize $taut$}] (7) at (0, 2) { };
\node[font=\tiny] at (-1.5, 0.5) {Const(0, 1.0)};
\node[font=\tiny] at (-1.5, 1.5) {Assign(1, 0)};
		\path[->] (0) edge (1);
		\path[->] (0) edge (4);
		\path[->] (2) edge (3);
		\path[->] (5) edge (0);
		\path[->] (5) edge (6);
		\path[->] (6) edge (7);


                \end{tikzpicture}
            \end{document}
